Archive member included to satisfy reference by file (symbol)

C:/ST/STM32CubeIDE_1.19.0/STM32CubeIDE/plugins/com.st.stm32cube.ide.mcu.externaltools.gnu-tools-for-stm32.13.3.rel1.win32_1.0.0.202411081344/tools/bin/../lib/gcc/arm-none-eabi/13.3.1/../../../../arm-none-eabi/lib/thumb/v7e-m+fp/hard\libc_nano.a(libc_a-exit.o)
                              C:/ST/STM32CubeIDE_1.19.0/STM32CubeIDE/plugins/com.st.stm32cube.ide.mcu.externaltools.gnu-tools-for-stm32.13.3.rel1.win32_1.0.0.202411081344/tools/bin/../lib/gcc/arm-none-eabi/13.3.1/../../../../arm-none-eabi/lib/thumb/v7e-m+fp/hard/crt0.o (exit)
C:/ST/STM32CubeIDE_1.19.0/STM32CubeIDE/plugins/com.st.stm32cube.ide.mcu.externaltools.gnu-tools-for-stm32.13.3.rel1.win32_1.0.0.202411081344/tools/bin/../lib/gcc/arm-none-eabi/13.3.1/../../../../arm-none-eabi/lib/thumb/v7e-m+fp/hard\libc_nano.a(libc_a-findfp.o)
                              C:/ST/STM32CubeIDE_1.19.0/STM32CubeIDE/plugins/com.st.stm32cube.ide.mcu.externaltools.gnu-tools-for-stm32.13.3.rel1.win32_1.0.0.202411081344/tools/bin/../lib/gcc/arm-none-eabi/13.3.1/../../../../arm-none-eabi/lib/thumb/v7e-m+fp/hard\libc_nano.a(libc_a-exit.o) (__stdio_exit_handler)
C:/ST/STM32CubeIDE_1.19.0/STM32CubeIDE/plugins/com.st.stm32cube.ide.mcu.externaltools.gnu-tools-for-stm32.13.3.rel1.win32_1.0.0.202411081344/tools/bin/../lib/gcc/arm-none-eabi/13.3.1/../../../../arm-none-eabi/lib/thumb/v7e-m+fp/hard\libc_nano.a(libc_a-fwalk.o)
                              C:/ST/STM32CubeIDE_1.19.0/STM32CubeIDE/plugins/com.st.stm32cube.ide.mcu.externaltools.gnu-tools-for-stm32.13.3.rel1.win32_1.0.0.202411081344/tools/bin/../lib/gcc/arm-none-eabi/13.3.1/../../../../arm-none-eabi/lib/thumb/v7e-m+fp/hard\libc_nano.a(libc_a-findfp.o) (_fwalk_sglue)
C:/ST/STM32CubeIDE_1.19.0/STM32CubeIDE/plugins/com.st.stm32cube.ide.mcu.externaltools.gnu-tools-for-stm32.13.3.rel1.win32_1.0.0.202411081344/tools/bin/../lib/gcc/arm-none-eabi/13.3.1/../../../../arm-none-eabi/lib/thumb/v7e-m+fp/hard\libc_nano.a(libc_a-stdio.o)
                              C:/ST/STM32CubeIDE_1.19.0/STM32CubeIDE/plugins/com.st.stm32cube.ide.mcu.externaltools.gnu-tools-for-stm32.13.3.rel1.win32_1.0.0.202411081344/tools/bin/../lib/gcc/arm-none-eabi/13.3.1/../../../../arm-none-eabi/lib/thumb/v7e-m+fp/hard\libc_nano.a(libc_a-findfp.o) (__sread)
C:/ST/STM32CubeIDE_1.19.0/STM32CubeIDE/plugins/com.st.stm32cube.ide.mcu.externaltools.gnu-tools-for-stm32.13.3.rel1.win32_1.0.0.202411081344/tools/bin/../lib/gcc/arm-none-eabi/13.3.1/../../../../arm-none-eabi/lib/thumb/v7e-m+fp/hard\libc_nano.a(libc_a-memset.o)
                              C:/ST/STM32CubeIDE_1.19.0/STM32CubeIDE/plugins/com.st.stm32cube.ide.mcu.externaltools.gnu-tools-for-stm32.13.3.rel1.win32_1.0.0.202411081344/tools/bin/../lib/gcc/arm-none-eabi/13.3.1/../../../../arm-none-eabi/lib/thumb/v7e-m+fp/hard/crt0.o (memset)
C:/ST/STM32CubeIDE_1.19.0/STM32CubeIDE/plugins/com.st.stm32cube.ide.mcu.externaltools.gnu-tools-for-stm32.13.3.rel1.win32_1.0.0.202411081344/tools/bin/../lib/gcc/arm-none-eabi/13.3.1/../../../../arm-none-eabi/lib/thumb/v7e-m+fp/hard\libc_nano.a(libc_a-closer.o)
                              C:/ST/STM32CubeIDE_1.19.0/STM32CubeIDE/plugins/com.st.stm32cube.ide.mcu.externaltools.gnu-tools-for-stm32.13.3.rel1.win32_1.0.0.202411081344/tools/bin/../lib/gcc/arm-none-eabi/13.3.1/../../../../arm-none-eabi/lib/thumb/v7e-m+fp/hard\libc_nano.a(libc_a-stdio.o) (_close_r)
C:/ST/STM32CubeIDE_1.19.0/STM32CubeIDE/plugins/com.st.stm32cube.ide.mcu.externaltools.gnu-tools-for-stm32.13.3.rel1.win32_1.0.0.202411081344/tools/bin/../lib/gcc/arm-none-eabi/13.3.1/../../../../arm-none-eabi/lib/thumb/v7e-m+fp/hard\libc_nano.a(libc_a-reent.o)
                              C:/ST/STM32CubeIDE_1.19.0/STM32CubeIDE/plugins/com.st.stm32cube.ide.mcu.externaltools.gnu-tools-for-stm32.13.3.rel1.win32_1.0.0.202411081344/tools/bin/../lib/gcc/arm-none-eabi/13.3.1/../../../../arm-none-eabi/lib/thumb/v7e-m+fp/hard\libc_nano.a(libc_a-closer.o) (errno)
C:/ST/STM32CubeIDE_1.19.0/STM32CubeIDE/plugins/com.st.stm32cube.ide.mcu.externaltools.gnu-tools-for-stm32.13.3.rel1.win32_1.0.0.202411081344/tools/bin/../lib/gcc/arm-none-eabi/13.3.1/../../../../arm-none-eabi/lib/thumb/v7e-m+fp/hard\libc_nano.a(libc_a-impure.o)
                              C:/ST/STM32CubeIDE_1.19.0/STM32CubeIDE/plugins/com.st.stm32cube.ide.mcu.externaltools.gnu-tools-for-stm32.13.3.rel1.win32_1.0.0.202411081344/tools/bin/../lib/gcc/arm-none-eabi/13.3.1/../../../../arm-none-eabi/lib/thumb/v7e-m+fp/hard\libc_nano.a(libc_a-reent.o) (_impure_ptr)
C:/ST/STM32CubeIDE_1.19.0/STM32CubeIDE/plugins/com.st.stm32cube.ide.mcu.externaltools.gnu-tools-for-stm32.13.3.rel1.win32_1.0.0.202411081344/tools/bin/../lib/gcc/arm-none-eabi/13.3.1/../../../../arm-none-eabi/lib/thumb/v7e-m+fp/hard\libc_nano.a(libc_a-lseekr.o)
[...]
Memory Configuration

Name             Origin             Length             Attributes
CCMRAM           0x10000000         0x00010000         xrw
RAM              0x20000000         0x00020000         xrw
FLASH            0x08000000         0x00080000         xr
*default*        0x00000000         0xffffffff

Linker script and memory map

LOAD C:/ST/STM32CubeIDE_1.19.0/STM32CubeIDE/plugins/com.st.stm32cube.ide.mcu.externaltools.gnu-tools-for-stm32.13.3.rel1.win32_1.0.0.202411081344/tools/bin/../lib/gcc/arm-none-eabi/13.3.1/thumb/v7e-m+fp/hard/crti.o
LOAD C:/ST/STM32CubeIDE_1.19.0/STM32CubeIDE/plugins/com.st.stm32cube.ide.mcu.externaltools.gnu-tools-for-stm32.13.3.rel1.win32_1.0.0.202411081344/tools/bin/../lib/gcc/arm-none-eabi/13.3.1/thumb/v7e-m+fp/hard/crtbegin.o
LOAD C:/ST/STM32CubeIDE_1.19.0/STM32CubeIDE/plugins/com.st.stm32cube.ide.mcu.externaltools.gnu-tools-for-stm32.13.3.rel1.win32_1.0.0.202411081344/tools/bin/../lib/gcc/arm-none-eabi/13.3.1/../../../../arm-none-eabi/lib/thumb/v7e-m+fp/hard/crt0.o
LOAD ./Core/Src/freertos.o
LOAD ./Core/Src/main.o
LOAD ./Core/Src/stm32f4xx_hal_msp.o
LOAD ./Core/Src/stm32f4xx_hal_timebase_tim.o
LOAD ./Core/Src/stm32f4xx_it.o
LOAD ./Core/Src/syscalls.o
LOAD ./Core/Src/sysmem.o
LOAD ./Core/Src/system_stm32f4xx.o
LOAD ./Core/Startup/startup_stm32f407vetx.o
LOAD ./Drivers/STM32F4xx_HAL_Driver/Src/stm32f4xx_hal.o
LOAD ./Drivers/STM32F4xx_HAL_Driver/Src/stm32f4xx_hal_adc.o
LOAD ./Drivers/STM32F4xx_HAL_Driver/Src/stm32f4xx_hal_adc_ex.o
LOAD ./Drivers/STM32F4xx_HAL_Driver/Src/stm32f4xx_hal_cortex.o
LOAD ./Drivers/STM32F4xx_HAL_Driver/Src/stm32f4xx_hal_crc.o
LOAD ./Drivers/STM32F4xx_HAL_Driver/Src/stm32f4xx_hal_dma.o
LOAD ./Drivers/STM32F4xx_HAL_Driver/Src/stm32f4xx_hal_dma_ex.o
LOAD ./Drivers/STM32F4xx_HAL_Driver/Src/stm32f4xx_hal_exti.o
LOAD ./Drivers/STM32F4xx_HAL_Driver/Src/stm32f4xx_hal_flash.o
LOAD ./Drivers/STM32F4xx_HAL_Driver/Src/stm32f4xx_hal_flash_ex.o
LOAD ./Drivers/STM32F4xx_HAL_Driver/Src/stm32f4xx_hal_flash_ramfunc.o
LOAD ./Drivers/STM32F4xx_HAL_Driver/Src/stm32f4xx_hal_gpio.o
LOAD ./Drivers/STM32F4xx_HAL_Driver/Src/stm32f4xx_hal_i2c.o
LOAD ./Drivers/STM32F4xx_HAL_Driver/Src/stm32f4xx_hal_i2c_ex.o
LOAD ./Drivers/STM32F4xx_HAL_Driver/Src/stm32f4xx_hal_pwr.o
LOAD ./Drivers/STM32F4xx_HAL_Driver/Src/stm32f4xx_hal_pwr_ex.o
LOAD ./Drivers/STM32F4xx_HAL_Driver/Src/stm32f4xx_hal_rcc.o
LOAD ./Drivers/STM32F4xx_HAL_Driver/Src/stm32f4xx_hal_rcc_ex.o
LOAD ./Drivers/STM32F4xx_HAL_Driver/Src/stm32f4xx_hal_spi.o
LOAD ./Drivers/STM32F4xx_HAL_Driver/Src/stm32f4xx_hal_tim.o
LOAD ./Drivers/STM32F4xx_HAL_Driver/Src/stm32f4xx_hal_tim_ex.o
LOAD ./Drivers/STM32F4xx_HAL_Driver/Src/stm32f4xx_hal_uart.o
LOAD ./Drivers/STM32F4xx_HAL_Driver/Src/stm32f4xx_ll_adc.o
LOAD ./Middlewares/Third_Party/FreeRTOS/Source/CMSIS_RTOS_V2/cmsis_os2.o
LOAD ./Middlewares/Third_Party/FreeRTOS/Source/croutine.o
LOAD ./Middlewares/Third_Party/FreeRTOS/Source/event_groups.o
LOAD ./Middlewares/Third_Party/FreeRTOS/Source/list.o
LOAD ./Middlewares/Third_Party/FreeRTOS/Source/queue.o
LOAD ./Middlewares/Third_Party/FreeRTOS/Source/stream_buffer.o
LOAD ./Middlewares/Third_Party/FreeRTOS/Source/tasks.o
LOAD ./Middlewares/Third_Party/FreeRTOS/Source/timers.o
LOAD ./Middlewares/Third_Party/FreeRTOS/Source/portable/GCC/ARM_CM4F/port.o
LOAD ./Middlewares/Third_Party/FreeRTOS/Source/portable/MemMang/heap_4.o
START GROUP
LOAD C:/ST/STM32CubeIDE_1.19.0/STM32CubeIDE/plugins/com.st.stm32cube.ide.mcu.externaltools.gnu-tools-for-stm32.13.3.rel1.win32_1.0.0.202411081344/tools/bin/../lib/gcc/arm-none-eabi/13.3.1/../../../../arm-none-eabi/lib/thumb/v7e-m+fp/hard\libc_nano.a
LOAD C:/ST/STM32CubeIDE_1.19.0/STM32CubeIDE/plugins/com.st.stm32cube.ide.mcu.externaltools.gnu-tools-for-stm32.13.3.rel1.win32_1.0.0.202411081344/tools/bin/../lib/gcc/arm-none-eabi/13.3.1/../../../../arm-none-eabi/lib/thumb/v7e-m+fp/hard\libm.a
END GROUP
START GROUP
LOAD C:/ST/STM32CubeIDE_1.19.0/STM32CubeIDE/plugins/com.st.stm32cube.ide.mcu.externaltools.gnu-tools-for-stm32.13.3.rel1.win32_1.0.0.202411081344/tools/bin/../lib/gcc/arm-none-eabi/13.3.1/thumb/v7e-m+fp/hard\libgcc.a
LOAD C:/ST/STM32CubeIDE_1.19.0/STM32CubeIDE/plugins/com.st.stm32cube.ide.mcu.externaltools.gnu-tools-for-stm32.13.3.rel1.win32_1.0.0.202411081344/tools/bin/../lib/gcc/arm-none-eabi/13.3.1/../../../../arm-none-eabi/lib/thumb/v7e-m+fp/hard\libc_nano.a
END GROUP
START GROUP
LOAD C:/ST/STM32CubeIDE_1.19.0/STM32CubeIDE/plugins/com.st.stm32cube.ide.mcu.externaltools.gnu-tools-for-stm32.13.3.rel1.win32_1.0.0.202411081344/tools/bin/../lib/gcc/arm-none-eabi/13.3.1/thumb/v7e-m+fp/hard\libgcc.a
LOAD C:/ST/STM32CubeIDE_1.19.0/STM32CubeIDE/plugins/com.st.stm32cube.ide.mcu.externaltools.gnu-tools-for-stm32.13.3.rel1.win32_1.0.0.202411081344/tools/bin/../lib/gcc/arm-none-eabi/13.3.1/../../../../arm-none-eabi/lib/thumb/v7e-m+fp/hard\libc_nano.a
LOAD C:/ST/STM32CubeIDE_1.19.0/STM32CubeIDE/plugins/com.st.stm32cube.ide.mcu.externaltools.gnu-tools-for-stm32.13.3.rel1.win32_1.0.0.202411081344/tools/bin/../lib/gcc/arm-none-eabi/13.3.1/../../../../arm-none-eabi/lib/thumb/v7e-m+fp/hard\libnosys.a
END GROUP
START GROUP
LOAD C:/ST/STM32CubeIDE_1.19.0/STM32CubeIDE/plugins/com.st.stm32cube.ide.mcu.externaltools.gnu-tools-for-stm32.13.3.rel1.win32_1.0.0.202411081344/tools/bin/../lib/gcc/arm-none-eabi/13.3.1/thumb/v7e-m+fp/hard\libgcc.a
LOAD C:/ST/STM32CubeIDE_1.19.0/STM32CubeIDE/plugins/com.st.stm32cube.ide.mcu.externaltools.gnu-tools-for-stm32.13.3.rel1.win32_1.0.0.202411081344/tools/bin/../lib/gcc/arm-none-eabi/13.3.1/../../../../arm-none-eabi/lib/thumb/v7e-m+fp/hard\libc_nano.a
LOAD C:/ST/STM32CubeIDE_1.19.0/STM32CubeIDE/plugins/com.st.stm32cube.ide.mcu.externaltools.gnu-tools-for-stm32.13.3.rel1.win32_1.0.0.202411081344/tools/bin/../lib/gcc/arm-none-eabi/13.3.1/../../../../arm-none-eabi/lib/thumb/v7e-m+fp/hard\libnosys.a
END GROUP
LOAD C:/ST/STM32CubeIDE_1.19.0/STM32CubeIDE/plugins/com.st.stm32cube.ide.mcu.externaltools.gnu-tools-for-stm32.13.3.rel1.win32_1.0.0.202411081344/tools/bin/../lib/gcc/arm-none-eabi/13.3.1/thumb/v7e-m+fp/hard/crtend.o
LOAD C:/ST/STM32CubeIDE_1.19.0/STM32CubeIDE/plugins/com.st.stm32cube.ide.mcu.externaltools.gnu-tools-for-stm32.13.3.rel1.win32_1.0.0.202411081344/tools/bin/../lib/gcc/arm-none-eabi/13.3.1/thumb/v7e-m+fp/hard/crtn.o
                0x20020000                        _estack = (ORIGIN (RAM) + LENGTH (RAM))
                0x00000200                        _Min_Heap_Size = 0x200
                0x00000600                        _Min_Stack_Size = 0x600

.isr_vector     0x08000000      0x188
                0x08000000                        . = ALIGN (0x4)
 *(.isr_vector)
 .isr_vector    0x08000000      0x188 ./Core/Startup/startup_stm32f407vetx.o
                0x08000000                g_pfnVectors
                0x08000188                        . = ALIGN (0x4)

.text           0x08000190     0x9e74
                0x08000190                        . = ALIGN (0x4)
 *(.text)
 .text          0x08000190       0x40 C:/ST/STM32CubeIDE_1.19.0/STM32CubeIDE/plugins/com.st.stm32cube.ide.mcu.externaltools.gnu-tools-for-stm32.13.3.rel1.win32_1.0.0.202411081344/tools/bin/../lib/gcc/arm-none-eabi/13.3.1/thumb/v7e-m+fp/hard/crtbegin.o
 .text          0x080001d0       0x30 C:/ST/STM32CubeIDE_1.19.0/STM32CubeIDE/plugins/com.st.stm32cube.ide.mcu.externaltools.gnu-tools-for-stm32.13.3.rel1.win32_1.0.0.202411081344/tools/bin/../lib/gcc/arm-none-eabi/13.3.1/thumb/v7e-m+fp/hard\libgcc.a(_aeabi_uldivmod.o)
                0x080001d0                __aeabi_uldivmod
 .text          0x08000200      0x2f8 C:/ST/STM32CubeIDE_1.19.0/STM32CubeIDE/plugins/com.st.stm32cube.ide.mcu.externaltools.gnu-tools-for-stm32.13.3.rel1.win32_1.0.0.202411081344/tools/bin/../lib/gcc/arm-none-eabi/13.3.1/thumb/v7e-m+fp/hard\libgcc.a(_udivmoddi4.o)
                0x08000200                __udivmoddi4
 .text          0x080004f8        0x4 C:/ST/STM32CubeIDE_1.19.0/STM32CubeIDE/plugins/com.st.stm32cube.ide.mcu.externaltools.gnu-tools-for-stm32.13.3.rel1.win32_1.0.0.202411081344/tools/bin/../lib/gcc/arm-none-eabi/13.3.1/thumb/v7e-m+fp/hard\libgcc.a(_dvmd_tls.o)
                0x080004f8                __aeabi_idiv0
                0x080004f8                __aeabi_ldiv0
 *(.text*)
 .text.vApplicationIdleHook
                0x080004fc        0xe ./Core/Src/freertos.o
                0x080004fc                vApplicationIdleHook
 .text.vApplicationTickHook
                0x0800050a        0xe ./Core/Src/freertos.o
                0x0800050a                vApplicationTickHook
 .text.main     0x08000518      0x264 ./Core/Src/main.o
                0x08000518                main
 .text.SystemClock_Config
                0x0800077c       0xd8 ./Core/Src/main.o
                0x0800077c                SystemClock_Config
 .text.MX_NVIC_Init
                0x08000854       0x98 ./Core/Src/main.o
 .text.MX_ADC1_Init
                0x080008ec       0xc0 ./Core/Src/main.o
 .text.MX_CRC_Init
                0x080009ac       0x28 ./Core/Src/main.o
 .text.MX_I2C1_Init
                0x080009d4       0x5c ./Core/Src/main.o
 .text.MX_I2C2_Init
                0x08000a30       0x5c ./Core/Src/main.o
 .text.MX_SPI1_Init
                0x08000a8c       0x6c ./Core/Src/main.o
 .text.MX_TIM1_Init
                0x08000af8      0x18c ./Core/Src/main.o
 .text.MX_TIM2_Init
                0x08000c84       0xa8 ./Core/Src/main.o
 .text.MX_TIM3_Init
                0x08000d2c       0xa8 ./Core/Src/main.o
 .text.MX_TIM4_Init
                0x08000dd4       0xa8 ./Core/Src/main.o
 .text.MX_TIM5_Init
                0x08000e7c       0xa8 ./Core/Src/main.o
 .text.MX_TIM7_Init
                0x08000f24       0x6c ./Core/Src/main.o
 .text.MX_TIM9_Init
                0x08000f90       0xdc ./Core/Src/main.o
 .text.MX_TIM10_Init
                0x0800106c       0x9c ./Core/Src/main.o
 .text.MX_TIM11_Init
                0x08001108       0x9c ./Core/Src/main.o
 .text.MX_TIM12_Init
                0x080011a4       0xd0 ./Core/Src/main.o
 .text.MX_TIM13_Init
                0x08001274       0x94 ./Core/Src/main.o
 .text.MX_UART5_Init
                0x08001308       0x54 ./Core/Src/main.o
 .text.MX_USART1_UART_Init
                0x0800135c       0x54 ./Core/Src/main.o
 .text.MX_DMA_Init
                0x080013b0       0x7c ./Core/Src/main.o
 .text.MX_GPIO_Init
                0x0800142c      0x264 ./Core/Src/main.o
 .text.StartDefaultTask
                0x08001690       0x10 ./Core/Src/main.o
                0x08001690                StartDefaultTask
 .text.imu_task_entry
                0x080016a0       0x10 ./Core/Src/main.o
                0x080016a0                imu_task_entry
 .text.packet_tx_task_entry
                0x080016b0       0x10 ./Core/Src/main.o
                0x080016b0                packet_tx_task_entry
 .text.packet_rx_task_entry
                0x080016c0       0x10 ./Core/Src/main.o
                0x080016c0                packet_rx_task_entry
 .text.gui_task_entry
                0x080016d0       0x10 ./Core/Src/main.o
                0x080016d0                gui_task_entry
 .text.app_task_entry
                0x080016e0       0x10 ./Core/Src/main.o
                0x080016e0                app_task_entry
 .text.oled_task_entry
                0x080016f0       0x10 ./Core/Src/main.o
                0x080016f0                oled_task_entry
 .text.button_timer_callback
                0x08001700       0x14 ./Core/Src/main.o
                0x08001700                button_timer_callback
 .text.led_timer_callback
                0x08001714       0x14 ./Core/Src/main.o
                0x08001714                led_timer_callback
 .text.buzzer_timer_callback
                0x08001728       0x14 ./Core/Src/main.o
                0x08001728                buzzer_timer_callback
 .text.battery_check_timer_callback
                0x0800173c       0x14 ./Core/Src/main.o
                0x0800173c                battery_check_timer_callback
 .text.HAL_TIM_PeriodElapsedCallback
                0x08001750       0x24 ./Core/Src/main.o
                0x08001750                HAL_TIM_PeriodElapsedCallback
 .text.Error_Handler
                0x08001774        0xc ./Core/Src/main.o
                0x08001774                Error_Handler
 .text.HAL_MspInit
                0x08001780       0x58 ./Core/Src/stm32f4xx_hal_msp.o
                0x08001780                HAL_MspInit
 .text.HAL_ADC_MspInit
                0x080017d8       0xf0 ./Core/Src/stm32f4xx_hal_msp.o
                0x080017d8                HAL_ADC_MspInit
 .text.HAL_CRC_MspInit
                0x080018c8       0x44 ./Core/Src/stm32f4xx_hal_msp.o
                0x080018c8                HAL_CRC_MspInit
 .text.HAL_I2C_MspInit
                0x0800190c      0x1c8 ./Core/Src/stm32f4xx_hal_msp.o
                0x0800190c                HAL_I2C_MspInit
 .text.HAL_SPI_MspInit
                0x08001ad4      0x124 ./Core/Src/stm32f4xx_hal_msp.o
                0x08001ad4                HAL_SPI_MspInit
 .text.HAL_TIM_Base_MspInit
                0x08001bf8      0x14c ./Core/Src/stm32f4xx_hal_msp.o
                0x08001bf8                HAL_TIM_Base_MspInit
 .text.HAL_TIM_Encoder_MspInit
                0x08001d44      0x21c ./Core/Src/stm32f4xx_hal_msp.o
                0x08001d44                HAL_TIM_Encoder_MspInit
 .text.HAL_TIM_MspPostInit
                0x08001f60      0x160 ./Core/Src/stm32f4xx_hal_msp.o
                0x08001f60                HAL_TIM_MspPostInit
 .text.HAL_UART_MspInit
                0x080020c0      0x1ec ./Core/Src/stm32f4xx_hal_msp.o
                0x080020c0                HAL_UART_MspInit
 .text.HAL_InitTick
                0x080022ac       0xf8 ./Core/Src/stm32f4xx_hal_timebase_tim.o
                0x080022ac                HAL_InitTick
 .text.NMI_Handler
                0x080023a4        0xc ./Core/Src/stm32f4xx_it.o
                0x080023a4                NMI_Handler
 .text.HardFault_Handler
                0x080023b0        0x8 ./Core/Src/stm32f4xx_it.o
                0x080023b0                HardFault_Handler
 .text.MemManage_Handler
                0x080023b8        0x8 ./Core/Src/stm32f4xx_it.o
                0x080023b8                MemManage_Handler
 .text.BusFault_Handler
                0x080023c0        0x8 ./Core/Src/stm32f4xx_it.o
                0x080023c0                BusFault_Handler
 .text.UsageFault_Handler
                0x080023c8        0x8 ./Core/Src/stm32f4xx_it.o
                0x080023c8                UsageFault_Handler
 .text.DebugMon_Handler
                0x080023d0        0xe ./Core/Src/stm32f4xx_it.o
                0x080023d0                DebugMon_Handler
 *fill*         0x080023de        0x2 
 .text.DMA1_Stream2_IRQHandler
                0x080023e0       0x14 ./Core/Src/stm32f4xx_it.o
                0x080023e0                DMA1_Stream2_IRQHandler
 .text.TIM2_IRQHandler
                0x080023f4        0xe ./Core/Src/stm32f4xx_it.o
                0x080023f4                TIM2_IRQHandler
 .text.TIM3_IRQHandler
                0x08002402        0xe ./Core/Src/stm32f4xx_it.o
                0x08002402                TIM3_IRQHandler
 .text.TIM4_IRQHandler
                0x08002410        0xe ./Core/Src/stm32f4xx_it.o
                0x08002410                TIM4_IRQHandler
 *fill*         0x0800241e        0x2 
 .text.SPI1_IRQHandler
                0x08002420       0x14 ./Core/Src/stm32f4xx_it.o
                0x08002420                SPI1_IRQHandler
 .text.USART1_IRQHandler
                0x08002434       0x14 ./Core/Src/stm32f4xx_it.o
                0x08002434                USART1_IRQHandler
 .text.EXTI15_10_IRQHandler
                0x08002448        0xe ./Core/Src/stm32f4xx_it.o
                0x08002448                EXTI15_10_IRQHandler
 .text.TIM8_BRK_TIM12_IRQHandler
                0x08002456        0xe ./Core/Src/stm32f4xx_it.o
                0x08002456                TIM8_BRK_TIM12_IRQHandler
 .text.TIM8_UP_TIM13_IRQHandler
                0x08002464        0xe ./Core/Src/stm32f4xx_it.o
                0x08002464                TIM8_UP_TIM13_IRQHandler
 *fill*         0x08002472        0x2 
 .text.TIM8_TRG_COM_TIM14_IRQHandler
                0x08002474       0x14 ./Core/Src/stm32f4xx_it.o
                0x08002474                TIM8_TRG_COM_TIM14_IRQHandler
 .text.DMA1_Stream7_IRQHandler
                0x08002488       0x14 ./Core/Src/stm32f4xx_it.o
                0x08002488                DMA1_Stream7_IRQHandler
 .text.TIM5_IRQHandler
                0x0800249c        0xe ./Core/Src/stm32f4xx_it.o
                0x0800249c                TIM5_IRQHandler
 *fill*         0x080024aa        0x2 
 .text.UART5_IRQHandler
                0x080024ac       0x14 ./Core/Src/stm32f4xx_it.o
                0x080024ac                UART5_IRQHandler
 .text.TIM7_IRQHandler
                0x080024c0        0xe ./Core/Src/stm32f4xx_it.o
                0x080024c0                TIM7_IRQHandler
 *fill*         0x080024ce        0x2 
 .text.DMA2_Stream2_IRQHandler
                0x080024d0       0x14 ./Core/Src/stm32f4xx_it.o
                0x080024d0                DMA2_Stream2_IRQHandler
 .text.DMA2_Stream3_IRQHandler
                0x080024e4       0x14 ./Core/Src/stm32f4xx_it.o
                0x080024e4                DMA2_Stream3_IRQHandler
 .text.DMA2_Stream7_IRQHandler
                0x080024f8       0x14 ./Core/Src/stm32f4xx_it.o
                0x080024f8                DMA2_Stream7_IRQHandler
 .text.SystemInit
                0x0800250c       0x24 ./Core/Src/system_stm32f4xx.o
                0x0800250c                SystemInit
 .text.Reset_Handler
                0x08002530       0x50 ./Core/Startup/startup_stm32f407vetx.o
                0x08002530                Reset_Handler
 .text.Default_Handler
                0x08002580        0x2 ./Core/Startup/startup_stm32f407vetx.o
                0x08002580                RTC_Alarm_IRQHandler
                0x08002580                HASH_RNG_IRQHandler
                0x08002580                EXTI2_IRQHandler
                0x08002580                TIM8_CC_IRQHandler
                0x08002580                TIM1_CC_IRQHandler
                0x08002580                DMA2_Stream5_IRQHandler
                0x08002580                DMA1_Stream5_IRQHandler
                0x08002580                PVD_IRQHandler
                0x08002580                SDIO_IRQHandler
                0x08002580                TAMP_STAMP_IRQHandler
                0x08002580                CAN2_RX1_IRQHandler
                0x08002580                EXTI3_IRQHandler
                0x08002580                TIM1_UP_TIM10_IRQHandler
                0x08002580                I2C3_ER_IRQHandler
                0x08002580                EXTI0_IRQHandler
                0x08002580                I2C2_EV_IRQHandler
                0x08002580                CAN1_RX0_IRQHandler
                0x08002580                FPU_IRQHandler
                0x08002580                OTG_HS_WKUP_IRQHandler
                0x08002580                CAN2_SCE_IRQHandler
                0x08002580                TIM6_DAC_IRQHandler
                0x08002580                TIM1_BRK_TIM9_IRQHandler
                0x08002580                DCMI_IRQHandler
                0x08002580                CAN2_RX0_IRQHandler
                0x08002580                USART6_IRQHandler
                0x08002580                USART3_IRQHandler
                0x08002580                CAN1_RX1_IRQHandler
                0x08002580                DMA2_Stream0_IRQHandler
                0x08002580                I2C1_EV_IRQHandler
                0x08002580                DMA1_Stream6_IRQHandler
                0x08002580                DMA1_Stream1_IRQHandler
                0x08002580                UART4_IRQHandler
                0x08002580                RCC_IRQHandler
                0x08002580                Default_Handler
                0x08002580                ADC_IRQHandler
                0x08002580                CAN2_TX_IRQHandler
                0x08002580                I2C3_EV_IRQHandler
                0x08002580                EXTI9_5_IRQHandler
                0x08002580                RTC_WKUP_IRQHandler
                0x08002580                ETH_WKUP_IRQHandler
                0x08002580                SPI2_IRQHandler
                0x08002580                OTG_HS_EP1_IN_IRQHandler
                0x08002580                DMA1_Stream0_IRQHandler
                0x08002580                CAN1_TX_IRQHandler
                0x08002580                EXTI4_IRQHandler
                0x08002580                FSMC_IRQHandler
                0x08002580                ETH_IRQHandler
                0x08002580                OTG_HS_EP1_OUT_IRQHandler
                0x08002580                WWDG_IRQHandler
                0x08002580                OTG_FS_WKUP_IRQHandler
                0x08002580                TIM1_TRG_COM_TIM11_IRQHandler
                0x08002580                OTG_HS_IRQHandler
                0x08002580                EXTI1_IRQHandler
                0x08002580                USART2_IRQHandler
                0x08002580                I2C2_ER_IRQHandler
                0x08002580                DMA2_Stream1_IRQHandler
                0x08002580                CAN1_SCE_IRQHandler
                0x08002580                FLASH_IRQHandler
                0x08002580                DMA2_Stream4_IRQHandler
                0x08002580                OTG_FS_IRQHandler
                0x08002580                SPI3_IRQHandler
                0x08002580                DMA1_Stream4_IRQHandler
                0x08002580                I2C1_ER_IRQHandler
                0x08002580                DMA2_Stream6_IRQHandler
                0x08002580                DMA1_Stream3_IRQHandler
 *fill*         0x08002582        0x2 
 .text.HAL_Init
                0x08002584       0x44 ./Drivers/STM32F4xx_HAL_Driver/Src/stm32f4xx_hal.o
                0x08002584                HAL_Init
 .text.HAL_IncTick
                0x080025c8       0x28 ./Drivers/STM32F4xx_HAL_Driver/Src/stm32f4xx_hal.o
                0x080025c8                HAL_IncTick
 .text.HAL_GetTick
                0x080025f0       0x18 ./Drivers/STM32F4xx_HAL_Driver/Src/stm32f4xx_hal.o
                0x080025f0                HAL_GetTick
 .text.HAL_ADC_Init
                0x08002608       0x86 ./Drivers/STM32F4xx_HAL_Driver/Src/stm32f4xx_hal_adc.o
                0x08002608                HAL_ADC_Init
 *fill*         0x0800268e        0x2 
 .text.HAL_ADC_ConfigChannel
                0x08002690      0x244 ./Drivers/STM32F4xx_HAL_Driver/Src/stm32f4xx_hal_adc.o
                0x08002690                HAL_ADC_ConfigChannel
 .text.ADC_Init
                0x080028d4      0x1f8 ./Drivers/STM32F4xx_HAL_Driver/Src/stm32f4xx_hal_adc.o
 .text.__NVIC_SetPriorityGrouping
                0x08002acc       0x48 ./Drivers/STM32F4xx_HAL_Driver/Src/stm32f4xx_hal_cortex.o
 .text.__NVIC_GetPriorityGrouping
                0x08002b14       0x1c ./Drivers/STM32F4xx_HAL_Driver/Src/stm32f4xx_hal_cortex.o
 .text.__NVIC_EnableIRQ
                0x08002b30       0x3c ./Drivers/STM32F4xx_HAL_Driver/Src/stm32f4xx_hal_cortex.o
 .text.__NVIC_SetPriority
                0x08002b6c       0x54 ./Drivers/STM32F4xx_HAL_Driver/Src/stm32f4xx_hal_cortex.o
 .text.NVIC_EncodePriority
                0x08002bc0       0x66 ./Drivers/STM32F4xx_HAL_Driver/Src/stm32f4xx_hal_cortex.o
 .text.HAL_NVIC_SetPriorityGrouping
                0x08002c26       0x16 ./Drivers/STM32F4xx_HAL_Driver/Src/stm32f4xx_hal_cortex.o
                0x08002c26                HAL_NVIC_SetPriorityGrouping
 .text.HAL_NVIC_SetPriority
                0x08002c3c       0x38 ./Drivers/STM32F4xx_HAL_Driver/Src/stm32f4xx_hal_cortex.o
                0x08002c3c                HAL_NVIC_SetPriority
 .text.HAL_NVIC_EnableIRQ
                0x08002c74       0x1c ./Drivers/STM32F4xx_HAL_Driver/Src/stm32f4xx_hal_cortex.o
                0x08002c74                HAL_NVIC_EnableIRQ
 .text.HAL_CRC_Init
                0x08002c90       0x38 ./Drivers/STM32F4xx_HAL_Driver/Src/stm32f4xx_hal_crc.o
                0x08002c90                HAL_CRC_Init
 .text.HAL_DMA_Init
                0x08002cc8      0x15c ./Drivers/STM32F4xx_HAL_Driver/Src/stm32f4xx_hal_dma.o
                0x08002cc8                HAL_DMA_Init
 .text.HAL_DMA_Abort
                0x08002e24       0xe0 ./Drivers/STM32F4xx_HAL_Driver/Src/stm32f4xx_hal_dma.o
                0x08002e24                HAL_DMA_Abort
 .text.HAL_DMA_Abort_IT
                0x08002f04       0x44 ./Drivers/STM32F4xx_HAL_Driver/Src/stm32f4xx_hal_dma.o
                0x08002f04                HAL_DMA_Abort_IT
 .text.HAL_DMA_IRQHandler
                0x08002f48      0x314 ./Drivers/STM32F4xx_HAL_Driver/Src/stm32f4xx_hal_dma.o
                0x08002f48                HAL_DMA_IRQHandler
 .text.DMA_CalcBaseAndBitshift
                0x0800325c       0x6c ./Drivers/STM32F4xx_HAL_Driver/Src/stm32f4xx_hal_dma.o
 .text.DMA_CheckFifoParam
                0x080032c8       0xf8 ./Drivers/STM32F4xx_HAL_Driver/Src/stm32f4xx_hal_dma.o
 .text.HAL_GPIO_Init
                0x080033c0      0x338 ./Drivers/STM32F4xx_HAL_Driver/Src/stm32f4xx_hal_gpio.o
                0x080033c0                HAL_GPIO_Init
 .text.HAL_GPIO_WritePin
                0x080036f8       0x32 ./Drivers/STM32F4xx_HAL_Driver/Src/stm32f4xx_hal_gpio.o
                0x080036f8                HAL_GPIO_WritePin
 *fill*         0x0800372a        0x2 
 .text.HAL_I2C_Init
                0x0800372c      0x288 ./Drivers/STM32F4xx_HAL_Driver/Src/stm32f4xx_hal_i2c.o
                0x0800372c                HAL_I2C_Init
 .text.HAL_RCC_OscConfig
                0x080039b4      0x4f0 ./Drivers/STM32F4xx_HAL_Driver/Src/stm32f4xx_hal_rcc.o
                0x080039b4                HAL_RCC_OscConfig
 .text.HAL_RCC_ClockConfig
                0x08003ea4      0x1cc ./Drivers/STM32F4xx_HAL_Driver/Src/stm32f4xx_hal_rcc.o
                0x08003ea4                HAL_RCC_ClockConfig
 .text.HAL_RCC_EnableCSS
                0x08004070       0x18 ./Drivers/STM32F4xx_HAL_Driver/Src/stm32f4xx_hal_rcc.o
                0x08004070                HAL_RCC_EnableCSS
 .text.HAL_RCC_GetSysClockFreq
                0x08004088      0x208 ./Drivers/STM32F4xx_HAL_Driver/Src/stm32f4xx_hal_rcc.o
                0x08004088                HAL_RCC_GetSysClockFreq
 .text.HAL_RCC_GetHCLKFreq
                0x08004290       0x18 ./Drivers/STM32F4xx_HAL_Driver/Src/stm32f4xx_hal_rcc.o
                0x08004290                HAL_RCC_GetHCLKFreq
 .text.HAL_RCC_GetPCLK1Freq
                0x080042a8       0x28 ./Drivers/STM32F4xx_HAL_Driver/Src/stm32f4xx_hal_rcc.o
                0x080042a8                HAL_RCC_GetPCLK1Freq
 .text.HAL_RCC_GetPCLK2Freq
                0x080042d0       0x28 ./Drivers/STM32F4xx_HAL_Driver/Src/stm32f4xx_hal_rcc.o
                0x080042d0                HAL_RCC_GetPCLK2Freq
 .text.HAL_RCC_GetClockConfig
                0x080042f8       0x64 ./Drivers/STM32F4xx_HAL_Driver/Src/stm32f4xx_hal_rcc.o
                0x080042f8                HAL_RCC_GetClockConfig
 .text.HAL_RCC_NMI_IRQHandler
                0x0800435c       0x28 ./Drivers/STM32F4xx_HAL_Driver/Src/stm32f4xx_hal_rcc.o
                0x0800435c                HAL_RCC_NMI_IRQHandler
 .text.HAL_RCC_CSSCallback
                0x08004384        0xe ./Drivers/STM32F4xx_HAL_Driver/Src/stm32f4xx_hal_rcc.o
                0x08004384                HAL_RCC_CSSCallback
 *fill*         0x08004392        0x2 
 .text.HAL_SPI_Init
                0x08004394      0x178 ./Drivers/STM32F4xx_HAL_Driver/Src/stm32f4xx_hal_spi.o
                0x08004394                HAL_SPI_Init
 .text.HAL_SPI_IRQHandler
                0x0800450c      0x200 ./Drivers/STM32F4xx_HAL_Driver/Src/stm32f4xx_hal_spi.o
                0x0800450c                HAL_SPI_IRQHandler
 .text.HAL_SPI_TxCpltCallback
                0x0800470c       0x14 ./Drivers/STM32F4xx_HAL_Driver/Src/stm32f4xx_hal_spi.o
                0x0800470c                HAL_SPI_TxCpltCallback
 .text.HAL_SPI_RxCpltCallback
                0x08004720       0x14 ./Drivers/STM32F4xx_HAL_Driver/Src/stm32f4xx_hal_spi.o
                0x08004720                HAL_SPI_RxCpltCallback
 .text.HAL_SPI_TxRxCpltCallback
                0x08004734       0x14 ./Drivers/STM32F4xx_HAL_Driver/Src/stm32f4xx_hal_spi.o
                0x08004734                HAL_SPI_TxRxCpltCallback
 .text.HAL_SPI_TxHalfCpltCallback
                0x08004748       0x14 ./Drivers/STM32F4xx_HAL_Driver/Src/stm32f4xx_hal_spi.o
                0x08004748                HAL_SPI_TxHalfCpltCallback
 .text.HAL_SPI_RxHalfCpltCallback
                0x0800475c       0x14 ./Drivers/STM32F4xx_HAL_Driver/Src/stm32f4xx_hal_spi.o
                0x0800475c                HAL_SPI_RxHalfCpltCallback
 .text.HAL_SPI_TxRxHalfCpltCallback
                0x08004770       0x14 ./Drivers/STM32F4xx_HAL_Driver/Src/stm32f4xx_hal_spi.o
                0x08004770                HAL_SPI_TxRxHalfCpltCallback
 .text.HAL_SPI_ErrorCallback
                0x08004784       0x14 ./Drivers/STM32F4xx_HAL_Driver/Src/stm32f4xx_hal_spi.o
                0x08004784                HAL_SPI_ErrorCallback
 .text.HAL_SPI_AbortCpltCallback
                0x08004798       0x14 ./Drivers/STM32F4xx_HAL_Driver/Src/stm32f4xx_hal_spi.o
                0x08004798                HAL_SPI_AbortCpltCallback
 .text.SPI_DMAAbortOnError
                0x080047ac       0x2a ./Drivers/STM32F4xx_HAL_Driver/Src/stm32f4xx_hal_spi.o
 *fill*         0x080047d6        0x2 
 .text.HAL_TIM_Base_Init
                0x080047d8       0xb8 ./Drivers/STM32F4xx_HAL_Driver/Src/stm32f4xx_hal_tim.o
                0x080047d8                HAL_TIM_Base_Init
 .text.HAL_TIM_Base_Start_IT
                0x08004890       0xe0 ./Drivers/STM32F4xx_HAL_Driver/Src/stm32f4xx_hal_tim.o
                0x08004890                HAL_TIM_Base_Start_IT
 .text.HAL_TIM_OC_Init
                0x08004970       0xb8 ./Drivers/STM32F4xx_HAL_Driver/Src/stm32f4xx_hal_tim.o
                0x08004970                HAL_TIM_OC_Init
 .text.HAL_TIM_OC_MspInit
                0x08004a28       0x14 ./Drivers/STM32F4xx_HAL_Driver/Src/stm32f4xx_hal_tim.o
                0x08004a28                HAL_TIM_OC_MspInit
 .text.HAL_TIM_PWM_Init
                0x08004a3c       0xb8 ./Drivers/STM32F4xx_HAL_Driver/Src/stm32f4xx_hal_tim.o
                0x08004a3c                HAL_TIM_PWM_Init
 .text.HAL_TIM_PWM_MspInit
                0x08004af4       0x14 ./Drivers/STM32F4xx_HAL_Driver/Src/stm32f4xx_hal_tim.o
                0x08004af4                HAL_TIM_PWM_MspInit
 .text.HAL_TIM_Encoder_Init
                0x08004b08      0x168 ./Drivers/STM32F4xx_HAL_Driver/Src/stm32f4xx_hal_tim.o
                0x08004b08                HAL_TIM_Encoder_Init
 .text.HAL_TIM_IRQHandler
                0x08004c70      0x220 ./Drivers/STM32F4xx_HAL_Driver/Src/stm32f4xx_hal_tim.o
                0x08004c70                HAL_TIM_IRQHandler
 .text.HAL_TIM_OC_ConfigChannel
                0x08004e90       0xb8 ./Drivers/STM32F4xx_HAL_Driver/Src/stm32f4xx_hal_tim.o
                0x08004e90                HAL_TIM_OC_ConfigChannel
 .text.HAL_TIM_PWM_ConfigChannel
                0x08004f48      0x184 ./Drivers/STM32F4xx_HAL_Driver/Src/stm32f4xx_hal_tim.o
                0x08004f48                HAL_TIM_PWM_ConfigChannel
 .text.HAL_TIM_ConfigClockSource
                0x080050cc      0x18e ./Drivers/STM32F4xx_HAL_Driver/Src/stm32f4xx_hal_tim.o
                0x080050cc                HAL_TIM_ConfigClockSource
 .text.HAL_TIM_PeriodElapsedHalfCpltCallback
                0x0800525a       0x14 ./Drivers/STM32F4xx_HAL_Driver/Src/stm32f4xx_hal_tim.o
                0x0800525a                HAL_TIM_PeriodElapsedHalfCpltCallback
 .text.HAL_TIM_OC_DelayElapsedCallback
                0x0800526e       0x14 ./Drivers/STM32F4xx_HAL_Driver/Src/stm32f4xx_hal_tim.o
                0x0800526e                HAL_TIM_OC_DelayElapsedCallback
 .text.HAL_TIM_IC_CaptureCallback
                0x08005282       0x14 ./Drivers/STM32F4xx_HAL_Driver/Src/stm32f4xx_hal_tim.o
                0x08005282                HAL_TIM_IC_CaptureCallback
 .text.HAL_TIM_IC_CaptureHalfCpltCallback
                0x08005296       0x14 ./Drivers/STM32F4xx_HAL_Driver/Src/stm32f4xx_hal_tim.o
                0x08005296                HAL_TIM_IC_CaptureHalfCpltCallback
 .text.HAL_TIM_PWM_PulseFinishedCallback
                0x080052aa       0x14 ./Drivers/STM32F4xx_HAL_Driver/Src/stm32f4xx_hal_tim.o
                0x080052aa                HAL_TIM_PWM_PulseFinishedCallback
 .text.HAL_TIM_PWM_PulseFinishedHalfCpltCallback
                0x080052be       0x14 ./Drivers/STM32F4xx_HAL_Driver/Src/stm32f4xx_hal_tim.o
                0x080052be                HAL_TIM_PWM_PulseFinishedHalfCpltCallback
 .text.HAL_TIM_TriggerCallback
                0x080052d2       0x14 ./Drivers/STM32F4xx_HAL_Driver/Src/stm32f4xx_hal_tim.o
                0x080052d2                HAL_TIM_TriggerCallback
 .text.HAL_TIM_TriggerHalfCpltCallback
                0x080052e6       0x14 ./Drivers/STM32F4xx_HAL_Driver/Src/stm32f4xx_hal_tim.o
                0x080052e6                HAL_TIM_TriggerHalfCpltCallback
 .text.HAL_TIM_ErrorCallback
                0x080052fa       0x14 ./Drivers/STM32F4xx_HAL_Driver/Src/stm32f4xx_hal_tim.o
                0x080052fa                HAL_TIM_ErrorCallback
 *fill*         0x0800530e        0x2 
 .text.TIM_Base_SetConfig
                0x08005310      0x14c ./Drivers/STM32F4xx_HAL_Driver/Src/stm32f4xx_hal_tim.o
                0x08005310                TIM_Base_SetConfig
 .text.TIM_OC1_SetConfig
                0x0800545c       0xe0 ./Drivers/STM32F4xx_HAL_Driver/Src/stm32f4xx_hal_tim.o
 .text.TIM_OC2_SetConfig
                0x0800553c       0xec ./Drivers/STM32F4xx_HAL_Driver/Src/stm32f4xx_hal_tim.o
                0x0800553c                TIM_OC2_SetConfig
 .text.TIM_OC3_SetConfig
                0x08005628       0xe8 ./Drivers/STM32F4xx_HAL_Driver/Src/stm32f4xx_hal_tim.o
 .text.TIM_OC4_SetConfig
                0x08005710       0xac ./Drivers/STM32F4xx_HAL_Driver/Src/stm32f4xx_hal_tim.o
 .text.TIM_TI1_ConfigInputStage
                0x080057bc       0x5e ./Drivers/STM32F4xx_HAL_Driver/Src/stm32f4xx_hal_tim.o
 .text.TIM_TI2_ConfigInputStage
                0x0800581a       0x60 ./Drivers/STM32F4xx_HAL_Driver/Src/stm32f4xx_hal_tim.o
 .text.TIM_ITRx_SetConfig
                0x0800587a       0x36 ./Drivers/STM32F4xx_HAL_Driver/Src/stm32f4xx_hal_tim.o
 .text.TIM_ETR_SetConfig
                0x080058b0       0x40 ./Drivers/STM32F4xx_HAL_Driver/Src/stm32f4xx_hal_tim.o
                0x080058b0                TIM_ETR_SetConfig
 .text.TIM_ResetCallback
                0x080058f0       0xb0 ./Drivers/STM32F4xx_HAL_Driver/Src/stm32f4xx_hal_tim.o
                0x080058f0                TIM_ResetCallback
 .text.HAL_TIMEx_MasterConfigSynchronization
                0x080059a0       0xf8 ./Drivers/STM32F4xx_HAL_Driver/Src/stm32f4xx_hal_tim_ex.o
                0x080059a0                HAL_TIMEx_MasterConfigSynchronization
 .text.HAL_TIMEx_ConfigBreakDeadTime
                0x08005a98       0xa4 ./Drivers/STM32F4xx_HAL_Driver/Src/stm32f4xx_hal_tim_ex.o
                0x08005a98                HAL_TIMEx_ConfigBreakDeadTime
 .text.HAL_TIMEx_CommutCallback
                0x08005b3c       0x14 ./Drivers/STM32F4xx_HAL_Driver/Src/stm32f4xx_hal_tim_ex.o
                0x08005b3c                HAL_TIMEx_CommutCallback
 .text.HAL_TIMEx_CommutHalfCpltCallback
                0x08005b50       0x14 ./Drivers/STM32F4xx_HAL_Driver/Src/stm32f4xx_hal_tim_ex.o
                0x08005b50                HAL_TIMEx_CommutHalfCpltCallback
 .text.HAL_TIMEx_BreakCallback
                0x08005b64       0x14 ./Drivers/STM32F4xx_HAL_Driver/Src/stm32f4xx_hal_tim_ex.o
                0x08005b64                HAL_TIMEx_BreakCallback
 .text.HAL_UART_Init
                0x08005b78       0xbc ./Drivers/STM32F4xx_HAL_Driver/Src/stm32f4xx_hal_uart.o
                0x08005b78                HAL_UART_Init
 .text.HAL_HalfDuplex_Init
                0x08005c34       0xcc ./Drivers/STM32F4xx_HAL_Driver/Src/stm32f4xx_hal_uart.o
                0x08005c34                HAL_HalfDuplex_Init
 .text.HAL_UART_IRQHandler
                0x08005d00      0x564 ./Drivers/STM32F4xx_HAL_Driver/Src/stm32f4xx_hal_uart.o
                0x08005d00                HAL_UART_IRQHandler
 .text.HAL_UART_TxCpltCallback
                0x08006264       0x14 ./Drivers/STM32F4xx_HAL_Driver/Src/stm32f4xx_hal_uart.o
                0x08006264                HAL_UART_TxCpltCallback
 .text.HAL_UART_TxHalfCpltCallback
                0x08006278       0x14 ./Drivers/STM32F4xx_HAL_Driver/Src/stm32f4xx_hal_uart.o
                0x08006278                HAL_UART_TxHalfCpltCallback
 .text.HAL_UART_RxCpltCallback
                0x0800628c       0x14 ./Drivers/STM32F4xx_HAL_Driver/Src/stm32f4xx_hal_uart.o
                0x0800628c                HAL_UART_RxCpltCallback
 .text.HAL_UART_RxHalfCpltCallback
                0x080062a0       0x14 ./Drivers/STM32F4xx_HAL_Driver/Src/stm32f4xx_hal_uart.o
                0x080062a0                HAL_UART_RxHalfCpltCallback
 .text.HAL_UART_ErrorCallback
                0x080062b4       0x14 ./Drivers/STM32F4xx_HAL_Driver/Src/stm32f4xx_hal_uart.o
                0x080062b4                HAL_UART_ErrorCallback
 .text.HAL_UART_AbortCpltCallback
                0x080062c8       0x14 ./Drivers/STM32F4xx_HAL_Driver/Src/stm32f4xx_hal_uart.o
                0x080062c8                HAL_UART_AbortCpltCallback
 .text.HAL_UART_AbortTransmitCpltCallback
                0x080062dc       0x14 ./Drivers/STM32F4xx_HAL_Driver/Src/stm32f4xx_hal_uart.o
                0x080062dc                HAL_UART_AbortTransmitCpltCallback
 .text.HAL_UART_AbortReceiveCpltCallback
                0x080062f0       0x14 ./Drivers/STM32F4xx_HAL_Driver/Src/stm32f4xx_hal_uart.o
                0x080062f0                HAL_UART_AbortReceiveCpltCallback
 .text.HAL_UARTEx_RxEventCallback
                0x08006304       0x18 ./Drivers/STM32F4xx_HAL_Driver/Src/stm32f4xx_hal_uart.o
                0x08006304                HAL_UARTEx_RxEventCallback
 .text.UART_InitCallbacksToDefault
                0x0800631c       0x70 ./Drivers/STM32F4xx_HAL_Driver/Src/stm32f4xx_hal_uart.o
                0x0800631c                UART_InitCallbacksToDefault
 .text.UART_EndRxTransfer
                0x0800638c       0xc6 ./Drivers/STM32F4xx_HAL_Driver/Src/stm32f4xx_hal_uart.o
 .text.UART_DMAAbortOnError
                0x08006452       0x24 ./Drivers/STM32F4xx_HAL_Driver/Src/stm32f4xx_hal_uart.o
 .text.UART_Transmit_IT
                0x08006476       0xa0 ./Drivers/STM32F4xx_HAL_Driver/Src/stm32f4xx_hal_uart.o
 .text.UART_EndTransmit_IT
                0x08006516       0x32 ./Drivers/STM32F4xx_HAL_Driver/Src/stm32f4xx_hal_uart.o
 .text.UART_Receive_IT
                0x08006548      0x180 ./Drivers/STM32F4xx_HAL_Driver/Src/stm32f4xx_hal_uart.o
 .text.UART_SetConfig
                0x080066c8      0x4e8 ./Drivers/STM32F4xx_HAL_Driver/Src/stm32f4xx_hal_uart.o
 .text.__NVIC_SetPriority
                0x08006bb0       0x54 ./Middlewares/Third_Party/FreeRTOS/Source/CMSIS_RTOS_V2/cmsis_os2.o
 .text.SysTick_Handler
                0x08006c04       0x20 ./Middlewares/Third_Party/FreeRTOS/Source/CMSIS_RTOS_V2/cmsis_os2.o
                0x08006c04                SysTick_Handler
 .text.SVC_Setup
                0x08006c24       0x12 ./Middlewares/Third_Party/FreeRTOS/Source/CMSIS_RTOS_V2/cmsis_os2.o
 *fill*         0x08006c36        0x2 
 .text.osKernelInitialize
                0x08006c38       0x48 ./Middlewares/Third_Party/FreeRTOS/Source/CMSIS_RTOS_V2/cmsis_os2.o
                0x08006c38                osKernelInitialize
 .text.osKernelStart
                0x08006c80       0x4c ./Middlewares/Third_Party/FreeRTOS/Source/CMSIS_RTOS_V2/cmsis_os2.o
                0x08006c80                osKernelStart
 .text.osThreadNew
                0x08006ccc      0x124 ./Middlewares/Third_Party/FreeRTOS/Source/CMSIS_RTOS_V2/cmsis_os2.o
                0x08006ccc                osThreadNew
 .text.osDelay  0x08006df0       0x36 ./Middlewares/Third_Party/FreeRTOS/Source/CMSIS_RTOS_V2/cmsis_os2.o
                0x08006df0                osDelay
 .text.TimerCallback
                0x08006e26       0x2a ./Middlewares/Third_Party/FreeRTOS/Source/CMSIS_RTOS_V2/cmsis_os2.o
 .text.osTimerNew
                0x08006e50       0xf8 ./Middlewares/Third_Party/FreeRTOS/Source/CMSIS_RTOS_V2/cmsis_os2.o
                0x08006e50                osTimerNew
 .text.osMutexNew
                0x08006f48      0x10c ./Middlewares/Third_Party/FreeRTOS/Source/CMSIS_RTOS_V2/cmsis_os2.o
                0x08006f48                osMutexNew
 .text.osSemaphoreNew
                0x08007054      0x112 ./Middlewares/Third_Party/FreeRTOS/Source/CMSIS_RTOS_V2/cmsis_os2.o
                0x08007054                osSemaphoreNew
 .text.osMessageQueueNew
                0x08007166       0xe6 ./Middlewares/Third_Party/FreeRTOS/Source/CMSIS_RTOS_V2/cmsis_os2.o
                0x08007166                osMessageQueueNew
 .text.vApplicationGetIdleTaskMemory
                0x0800724c       0x34 ./Middlewares/Third_Party/FreeRTOS/Source/CMSIS_RTOS_V2/cmsis_os2.o
                0x0800724c                vApplicationGetIdleTaskMemory
 .text.vApplicationGetTimerTaskMemory
                0x08007280       0x34 ./Middlewares/Third_Party/FreeRTOS/Source/CMSIS_RTOS_V2/cmsis_os2.o
                0x08007280                vApplicationGetTimerTaskMemory
 .text.vListInitialise
                0x080072b4       0x40 ./Middlewares/Third_Party/FreeRTOS/Source/list.o
                0x080072b4                vListInitialise
 .text.vListInitialiseItem
                0x080072f4       0x1a ./Middlewares/Third_Party/FreeRTOS/Source/list.o
                0x080072f4                vListInitialiseItem
 .text.vListInsertEnd
                0x0800730e       0x48 ./Middlewares/Third_Party/FreeRTOS/Source/list.o
                0x0800730e                vListInsertEnd
 .text.vListInsert
                0x08007356       0x72 ./Middlewares/Third_Party/FreeRTOS/Source/list.o
                0x08007356                vListInsert
 .text.uxListRemove
                0x080073c8       0x54 ./Middlewares/Third_Party/FreeRTOS/Source/list.o
                0x080073c8                uxListRemove
 .text.xQueueGenericReset
                0x0800741c       0xd4 ./Middlewares/Third_Party/FreeRTOS/Source/queue.o
                0x0800741c                xQueueGenericReset
 .text.xQueueGenericCreateStatic
                0x080074f0       0xfa ./Middlewares/Third_Party/FreeRTOS/Source/queue.o
                0x080074f0                xQueueGenericCreateStatic
 .text.xQueueGenericCreate
                0x080075ea       0x76 ./Middlewares/Third_Party/FreeRTOS/Source/queue.o
                0x080075ea                xQueueGenericCreate
 .text.prvInitialiseNewQueue
                0x08007660       0x46 ./Middlewares/Third_Party/FreeRTOS/Source/queue.o
 .text.prvInitialiseMutex
                0x080076a6       0x34 ./Middlewares/Third_Party/FreeRTOS/Source/queue.o
 .text.xQueueCreateMutex
                0x080076da       0x30 ./Middlewares/Third_Party/FreeRTOS/Source/queue.o
                0x080076da                xQueueCreateMutex
 .text.xQueueCreateMutexStatic
                0x0800770a       0x36 ./Middlewares/Third_Party/FreeRTOS/Source/queue.o
                0x0800770a                xQueueCreateMutexStatic
 .text.xQueueCreateCountingSemaphoreStatic
                0x08007740       0x72 ./Middlewares/Third_Party/FreeRTOS/Source/queue.o
                0x08007740                xQueueCreateCountingSemaphoreStatic
 .text.xQueueCreateCountingSemaphore
                0x080077b2       0x6a ./Middlewares/Third_Party/FreeRTOS/Source/queue.o
                0x080077b2                xQueueCreateCountingSemaphore
 .text.xQueueGenericSend
                0x0800781c      0x204 ./Middlewares/Third_Party/FreeRTOS/Source/queue.o
                0x0800781c                xQueueGenericSend
 .text.xQueueGenericSendFromISR
                0x08007a20      0x13c ./Middlewares/Third_Party/FreeRTOS/Source/queue.o
                0x08007a20                xQueueGenericSendFromISR
 .text.xQueueReceive
                0x08007b5c      0x1c4 ./Middlewares/Third_Party/FreeRTOS/Source/queue.o
                0x08007b5c                xQueueReceive
 .text.vQueueDelete
                0x08007d20       0x48 ./Middlewares/Third_Party/FreeRTOS/Source/queue.o
                0x08007d20                vQueueDelete
 .text.prvCopyDataToQueue
                0x08007d68       0xd4 ./Middlewares/Third_Party/FreeRTOS/Source/queue.o
 .text.prvCopyDataFromQueue
                0x08007e3c       0x4c ./Middlewares/Third_Party/FreeRTOS/Source/queue.o
 .text.prvUnlockQueue
                0x08007e88       0xa4 ./Middlewares/Third_Party/FreeRTOS/Source/queue.o
 .text.prvIsQueueEmpty
                0x08007f2c       0x2c ./Middlewares/Third_Party/FreeRTOS/Source/queue.o
 .text.prvIsQueueFull
                0x08007f58       0x30 ./Middlewares/Third_Party/FreeRTOS/Source/queue.o
 .text.vQueueAddToRegistry
                0x08007f88       0x54 ./Middlewares/Third_Party/FreeRTOS/Source/queue.o
                0x08007f88                vQueueAddToRegistry
 .text.vQueueUnregisterQueue
                0x08007fdc       0x54 ./Middlewares/Third_Party/FreeRTOS/Source/queue.o
                0x08007fdc                vQueueUnregisterQueue
 .text.vQueueWaitForMessageRestricted
                0x08008030       0x68 ./Middlewares/Third_Party/FreeRTOS/Source/queue.o
                0x08008030                vQueueWaitForMessageRestricted
 .text.xTaskCreateStatic
                0x08008098       0xc0 ./Middlewares/Third_Party/FreeRTOS/Source/tasks.o
                0x08008098                xTaskCreateStatic
 .text.xTaskCreate
                0x08008158       0x8a ./Middlewares/Third_Party/FreeRTOS/Source/tasks.o
                0x08008158                xTaskCreate
 .text.prvInitialiseNewTask
                0x080081e2      0x120 ./Middlewares/Third_Party/FreeRTOS/Source/tasks.o
 *fill*         0x08008302        0x2 
 .text.prvAddNewTaskToReadyList
                0x08008304       0xe0 ./Middlewares/Third_Party/FreeRTOS/Source/tasks.o
 .text.vTaskDelay
                0x080083e4       0x6c ./Middlewares/Third_Party/FreeRTOS/Source/tasks.o
                0x080083e4                vTaskDelay
 .text.vTaskStartScheduler
                0x08008450       0xd0 ./Middlewares/Third_Party/FreeRTOS/Source/tasks.o
                0x08008450                vTaskStartScheduler
 .text.vTaskSuspendAll
                0x08008520       0x1c ./Middlewares/Third_Party/FreeRTOS/Source/tasks.o
                0x08008520                vTaskSuspendAll
 .text.xTaskResumeAll
                0x0800853c      0x13c ./Middlewares/Third_Party/FreeRTOS/Source/tasks.o
                0x0800853c                xTaskResumeAll
 .text.xTaskGetTickCount
                0x08008678       0x20 ./Middlewares/Third_Party/FreeRTOS/Source/tasks.o
                0x08008678                xTaskGetTickCount
 .text.xTaskIncrementTick
                0x08008698      0x184 ./Middlewares/Third_Party/FreeRTOS/Source/tasks.o
                0x08008698                xTaskIncrementTick
 .text.vTaskSwitchContext
                0x0800881c       0xbc ./Middlewares/Third_Party/FreeRTOS/Source/tasks.o
                0x0800881c                vTaskSwitchContext
 .text.vTaskPlaceOnEventList
                0x080088d8       0x4c ./Middlewares/Third_Party/FreeRTOS/Source/tasks.o
                0x080088d8                vTaskPlaceOnEventList
 .text.vTaskPlaceOnEventListRestricted
                0x08008924       0x58 ./Middlewares/Third_Party/FreeRTOS/Source/tasks.o
                0x08008924                vTaskPlaceOnEventListRestricted
 .text.xTaskRemoveFromEventList
                0x0800897c       0xc8 ./Middlewares/Third_Party/FreeRTOS/Source/tasks.o
                0x0800897c                xTaskRemoveFromEventList
 .text.vTaskInternalSetTimeOutState
                0x08008a44       0x2c ./Middlewares/Third_Party/FreeRTOS/Source/tasks.o
                0x08008a44                vTaskInternalSetTimeOutState
 .text.xTaskCheckForTimeOut
                0x08008a70       0xc8 ./Middlewares/Third_Party/FreeRTOS/Source/tasks.o
                0x08008a70                xTaskCheckForTimeOut
 .text.vTaskMissedYield
                0x08008b38       0x18 ./Middlewares/Third_Party/FreeRTOS/Source/tasks.o
                0x08008b38                vTaskMissedYield
 .text.prvIdleTask
                0x08008b50       0x34 ./Middlewares/Third_Party/FreeRTOS/Source/tasks.o
 .text.prvInitialiseTaskLists
                0x08008b84       0x80 ./Middlewares/Third_Party/FreeRTOS/Source/tasks.o
 .text.prvCheckTasksWaitingTermination
                0x08008c04       0x5c ./Middlewares/Third_Party/FreeRTOS/Source/tasks.o
 .text.prvDeleteTCB
                0x08008c60       0x60 ./Middlewares/Third_Party/FreeRTOS/Source/tasks.o
 .text.prvResetNextTaskUnblockTime
                0x08008cc0       0x40 ./Middlewares/Third_Party/FreeRTOS/Source/tasks.o
 .text.xTaskGetSchedulerState
                0x08008d00       0x3c ./Middlewares/Third_Party/FreeRTOS/Source/tasks.o
                0x08008d00                xTaskGetSchedulerState
 .text.xTaskPriorityDisinherit
                0x08008d3c       0xe0 ./Middlewares/Third_Party/FreeRTOS/Source/tasks.o
                0x08008d3c                xTaskPriorityDisinherit
 .text.prvAddCurrentTaskToDelayedList
                0x08008e1c       0xa8 ./Middlewares/Third_Party/FreeRTOS/Source/tasks.o
 .text.xTimerCreateTimerTask
                0x08008ec4       0x94 ./Middlewares/Third_Party/FreeRTOS/Source/timers.o
                0x08008ec4                xTimerCreateTimerTask
 .text.xTimerCreate
                0x08008f58       0x42 ./Middlewares/Third_Party/FreeRTOS/Source/timers.o
                0x08008f58                xTimerCreate
 .text.xTimerCreateStatic
                0x08008f9a       0x80 ./Middlewares/Third_Party/FreeRTOS/Source/timers.o
                0x08008f9a                xTimerCreateStatic
 .text.prvInitialiseNewTimer
                0x0800901a       0x78 ./Middlewares/Third_Party/FreeRTOS/Source/timers.o
 *fill*         0x08009092        0x2 
 .text.xTimerGenericCommand
                0x08009094       0x9c ./Middlewares/Third_Party/FreeRTOS/Source/timers.o
                0x08009094                xTimerGenericCommand
 .text.prvProcessExpiredTimer
                0x08009130       0x9c ./Middlewares/Third_Party/FreeRTOS/Source/timers.o
 .text.prvTimerTask
                0x080091cc       0x26 ./Middlewares/Third_Party/FreeRTOS/Source/timers.o
 *fill*         0x080091f2        0x2 
 .text.prvProcessTimerOrBlockTask
                0x080091f4       0x9c ./Middlewares/Third_Party/FreeRTOS/Source/timers.o
 .text.prvGetNextExpireTime
                0x08009290       0x48 ./Middlewares/Third_Party/FreeRTOS/Source/timers.o
 .text.prvSampleTimeNow
                0x080092d8       0x40 ./Middlewares/Third_Party/FreeRTOS/Source/timers.o
 .text.prvInsertTimerInActiveList
                0x08009318       0x84 ./Middlewares/Third_Party/FreeRTOS/Source/timers.o
 .text.prvProcessReceivedCommands
                0x0800939c      0x1cc ./Middlewares/Third_Party/FreeRTOS/Source/timers.o
 .text.prvSwitchTimerLists
                0x08009568       0xcc ./Middlewares/Third_Party/FreeRTOS/Source/timers.o
 .text.prvCheckForValidListAndQueue
                0x08009634       0x80 ./Middlewares/Third_Party/FreeRTOS/Source/timers.o
 .text.pvTimerGetTimerID
                0x080096b4       0x42 ./Middlewares/Third_Party/FreeRTOS/Source/timers.o
                0x080096b4                pvTimerGetTimerID
 *fill*         0x080096f6        0x2 
 .text.pxPortInitialiseStack
                0x080096f8       0x68 ./Middlewares/Third_Party/FreeRTOS/Source/portable/GCC/ARM_CM4F/port.o
                0x080096f8                pxPortInitialiseStack
 .text.prvTaskExitError
                0x08009760       0x5c ./Middlewares/Third_Party/FreeRTOS/Source/portable/GCC/ARM_CM4F/port.o
 *fill*         0x080097bc        0x4 
 .text.SVC_Handler
                0x080097c0       0x28 ./Middlewares/Third_Party/FreeRTOS/Source/portable/GCC/ARM_CM4F/port.o
                0x080097c0                SVC_Handler
 .text.prvPortStartFirstTask
                0x080097e8       0x28 ./Middlewares/Third_Party/FreeRTOS/Source/portable/GCC/ARM_CM4F/port.o
 .text.xPortStartScheduler
                0x08009810      0x148 ./Middlewares/Third_Party/FreeRTOS/Source/portable/GCC/ARM_CM4F/port.o
                0x08009810                xPortStartScheduler
 .text.vPortEnterCritical
                0x08009958       0x64 ./Middlewares/Third_Party/FreeRTOS/Source/portable/GCC/ARM_CM4F/port.o
                0x08009958                vPortEnterCritical
 .text.vPortExitCritical
                0x080099bc       0x54 ./Middlewares/Third_Party/FreeRTOS/Source/portable/GCC/ARM_CM4F/port.o
                0x080099bc                vPortExitCritical
 .text.PendSV_Handler
                0x08009a10       0x68 ./Middlewares/Third_Party/FreeRTOS/Source/portable/GCC/ARM_CM4F/port.o
                0x08009a10                PendSV_Handler
 .text.xPortSysTickHandler
                0x08009a78       0x44 ./Middlewares/Third_Party/FreeRTOS/Source/portable/GCC/ARM_CM4F/port.o
                0x08009a78                xPortSysTickHandler
 .text.vPortSetupTimerInterrupt
                0x08009abc       0x48 ./Middlewares/Third_Party/FreeRTOS/Source/portable/GCC/ARM_CM4F/port.o
                0x08009abc                vPortSetupTimerInterrupt
 .text.vPortEnableVFP
                0x08009b04       0x14 ./Middlewares/Third_Party/FreeRTOS/Source/portable/GCC/ARM_CM4F/port.o
 .text.vPortValidateInterruptPriority
                0x08009b18       0x84 ./Middlewares/Third_Party/FreeRTOS/Source/portable/GCC/ARM_CM4F/port.o
                0x08009b18                vPortValidateInterruptPriority
 .text.pvPortMalloc
                0x08009b9c      0x19c ./Middlewares/Third_Party/FreeRTOS/Source/portable/MemMang/heap_4.o
                0x08009b9c                pvPortMalloc
 .text.vPortFree
                0x08009d38       0xc8 ./Middlewares/Third_Party/FreeRTOS/Source/portable/MemMang/heap_4.o
                0x08009d38                vPortFree
 .text.prvHeapInit
                0x08009e00       0xc4 ./Middlewares/Third_Party/FreeRTOS/Source/portable/MemMang/heap_4.o
 .text.prvInsertBlockIntoFreeList
                0x08009ec4       0xb4 ./Middlewares/Third_Party/FreeRTOS/Source/portable/MemMang/heap_4.o
 .text.memset   0x08009f78       0x10 C:/ST/STM32CubeIDE_1.19.0/STM32CubeIDE/plugins/com.st.stm32cube.ide.mcu.externaltools.gnu-tools-for-stm32.13.3.rel1.win32_1.0.0.202411081344/tools/bin/../lib/gcc/arm-none-eabi/13.3.1/../../../../arm-none-eabi/lib/thumb/v7e-m+fp/hard\libc_nano.a(libc_a-memset.o)
                0x08009f78                memset
 .text.__libc_init_array
                0x08009f88       0x48 C:/ST/STM32CubeIDE_1.19.0/STM32CubeIDE/plugins/com.st.stm32cube.ide.mcu.externaltools.gnu-tools-for-stm32.13.3.rel1.win32_1.0.0.202411081344/tools/bin/../lib/gcc/arm-none-eabi/13.3.1/../../../../arm-none-eabi/lib/thumb/v7e-m+fp/hard\libc_nano.a(libc_a-init.o)
                0x08009f88                __libc_init_array
 .text.memcpy   0x08009fd0       0x1c C:/ST/STM32CubeIDE_1.19.0/STM32CubeIDE/plugins/com.st.stm32cube.ide.mcu.externaltools.gnu-tools-for-stm32.13.3.rel1.win32_1.0.0.202411081344/tools/bin/../lib/gcc/arm-none-eabi/13.3.1/../../../../arm-none-eabi/lib/thumb/v7e-m+fp/hard\libc_nano.a(libc_a-memcpy-stub.o)
                0x08009fd0                memcpy
 *(.glue_7)
 .glue_7        0x08009fec        0x0 linker stubs
 *(.glue_7t)
 .glue_7t       0x08009fec        0x0 linker stubs
 *(.eh_frame)
 .eh_frame      0x08009fec        0x0 C:/ST/STM32CubeIDE_1.19.0/STM32CubeIDE/plugins/com.st.stm32cube.ide.mcu.externaltools.gnu-tools-for-stm32.13.3.rel1.win32_1.0.0.202411081344/tools/bin/../lib/gcc/arm-none-eabi/13.3.1/thumb/v7e-m+fp/hard/crtbegin.o
 *(.init)
 .init          0x08009fec        0x4 C:/ST/STM32CubeIDE_1.19.0/STM32CubeIDE/plugins/com.st.stm32cube.ide.mcu.externaltools.gnu-tools-for-stm32.13.3.rel1.win32_1.0.0.202411081344/tools/bin/../lib/gcc/arm-none-eabi/13.3.1/thumb/v7e-m+fp/hard/crti.o
                0x08009fec                _init
 .init          0x08009ff0        0x8 C:/ST/STM32CubeIDE_1.19.0/STM32CubeIDE/plugins/com.st.stm32cube.ide.mcu.externaltools.gnu-tools-for-stm32.13.3.rel1.win32_1.0.0.202411081344/tools/bin/../lib/gcc/arm-none-eabi/13.3.1/thumb/v7e-m+fp/hard/crtn.o
 *(.fini)
 .fini          0x08009ff8        0x4 C:/ST/STM32CubeIDE_1.19.0/STM32CubeIDE/plugins/com.st.stm32cube.ide.mcu.externaltools.gnu-tools-for-stm32.13.3.rel1.win32_1.0.0.202411081344/tools/bin/../lib/gcc/arm-none-eabi/13.3.1/thumb/v7e-m+fp/hard/crti.o
                0x08009ff8                _fini
 .fini          0x08009ffc        0x8 C:/ST/STM32CubeIDE_1.19.0/STM32CubeIDE/plugins/com.st.stm32cube.ide.mcu.externaltools.gnu-tools-for-stm32.13.3.rel1.win32_1.0.0.202411081344/tools/bin/../lib/gcc/arm-none-eabi/13.3.1/thumb/v7e-m+fp/hard/crtn.o
                0x0800a004                        . = ALIGN (0x4)
                0x0800a004                        _etext = .

.vfp11_veneer   0x0800a004        0x0
 .vfp11_veneer  0x0800a004        0x0 linker stubs

.v4_bx          0x0800a004        0x0
 .v4_bx         0x0800a004        0x0 linker stubs

.iplt           0x0800a004        0x0
 .iplt          0x0800a004        0x0 C:/ST/STM32CubeIDE_1.19.0/STM32CubeIDE/plugins/com.st.stm32cube.ide.mcu.externaltools.gnu-tools-for-stm32.13.3.rel1.win32_1.0.0.202411081344/tools/bin/../lib/gcc/arm-none-eabi/13.3.1/thumb/v7e-m+fp/hard/crtbegin.o

.rodata         0x0800a004      0x330
                0x0800a004                        . = ALIGN (0x4)
 *(.rodata)
 .rodata        0x0800a004      0x129 ./Core/Src/main.o
 *fill*         0x0800a12d        0x3 
 .rodata        0x0800a130        0x5 ./Middlewares/Third_Party/FreeRTOS/Source/tasks.o
 *fill*         0x0800a135        0x3 
 .rodata        0x0800a138        0xd ./Middlewares/Third_Party/FreeRTOS/Source/timers.o
 *(.rodata*)
 *fill*         0x0800a145        0x3 
 .rodata.defaultTask_attributes
                0x0800a148       0x24 ./Core/Src/main.o
                0x0800a148                defaultTask_attributes
 .rodata.imu_task_attributes
                0x0800a16c       0x24 ./Core/Src/main.o
                0x0800a16c                imu_task_attributes
 .rodata.packet_tx_task_attributes
                0x0800a190       0x24 ./Core/Src/main.o
                0x0800a190                packet_tx_task_attributes
 .rodata.packet_rx_task_attributes
                0x0800a1b4       0x24 ./Core/Src/main.o
                0x0800a1b4                packet_rx_task_attributes
 .rodata.gui_task_attributes
                0x0800a1d8       0x24 ./Core/Src/main.o
                0x0800a1d8                gui_task_attributes
 .rodata.app_task_attributes
                0x0800a1fc       0x24 ./Core/Src/main.o
                0x0800a1fc                app_task_attributes
 .rodata.oled_task_attributes
                0x0800a220       0x24 ./Core/Src/main.o
                0x0800a220                oled_task_attributes
 .rodata.packet_tx_queue_attributes
                0x0800a244       0x18 ./Core/Src/main.o
                0x0800a244                packet_tx_queue_attributes
 .rodata.moving_ctrl_queue_attributes
                0x0800a25c       0x18 ./Core/Src/main.o
                0x0800a25c                moving_ctrl_queue_attributes
 .rodata.button_timer_attributes
                0x0800a274       0x10 ./Core/Src/main.o
                0x0800a274                button_timer_attributes
 .rodata.led_timer_attributes
                0x0800a284       0x10 ./Core/Src/main.o
                0x0800a284                led_timer_attributes
 .rodata.buzzer_timer_attributes
                0x0800a294       0x10 ./Core/Src/main.o
                0x0800a294                buzzer_timer_attributes
 .rodata.battery_check_timer_attributes
                0x0800a2a4       0x10 ./Core/Src/main.o
                0x0800a2a4                battery_check_timer_attributes
 .rodata.oled_mutex_attributes
                0x0800a2b4       0x10 ./Core/Src/main.o
                0x0800a2b4                oled_mutex_attributes
 .rodata.packet_tx_idle_attributes
                0x0800a2c4       0x10 ./Core/Src/main.o
                0x0800a2c4                packet_tx_idle_attributes
 .rodata.packet_rx_not_empty_attributes
                0x0800a2d4       0x10 ./Core/Src/main.o
                0x0800a2d4                packet_rx_not_empty_attributes
 .rodata.IMU_data_ready_attributes
                0x0800a2e4       0x10 ./Core/Src/main.o
                0x0800a2e4                IMU_data_ready_attributes
 .rodata.spi_tx_finished_attributes
                0x0800a2f4       0x10 ./Core/Src/main.o
                0x0800a2f4                spi_tx_finished_attributes
 .rodata.serial_servo_rx_complete_attributes
                0x0800a304       0x10 ./Core/Src/main.o
                0x0800a304                serial_servo_rx_complete_attributes
 .rodata.AHBPrescTable
                0x0800a314       0x10 ./Core/Src/system_stm32f4xx.o
                0x0800a314                AHBPrescTable
 .rodata.APBPrescTable
                0x0800a324        0x8 ./Core/Src/system_stm32f4xx.o
                0x0800a324                APBPrescTable
 .rodata.flagBitshiftOffset.0
                0x0800a32c        0x8 ./Drivers/STM32F4xx_HAL_Driver/Src/stm32f4xx_hal_dma.o
                0x0800a334                        . = ALIGN (0x4)

.ARM.extab      0x0800a334        0x0
                0x0800a334                        . = ALIGN (0x4)
 *(.ARM.extab* .gnu.linkonce.armextab.*)
                0x0800a334                        . = ALIGN (0x4)

.ARM            0x0800a334        0x8
                0x0800a334                        . = ALIGN (0x4)
                0x0800a334                        __exidx_start = .
 *(.ARM.exidx*)
 .ARM.exidx     0x0800a334        0x8 C:/ST/STM32CubeIDE_1.19.0/STM32CubeIDE/plugins/com.st.stm32cube.ide.mcu.externaltools.gnu-tools-for-stm32.13.3.rel1.win32_1.0.0.202411081344/tools/bin/../lib/gcc/arm-none-eabi/13.3.1/thumb/v7e-m+fp/hard\libgcc.a(_udivmoddi4.o)
                0x0800a33c                        __exidx_end = .
                0x0800a33c                        . = ALIGN (0x4)

.preinit_array  0x0800a33c        0x0
                0x0800a33c                        . = ALIGN (0x4)
                0x0800a33c                        PROVIDE (__preinit_array_start = .)
 *(.preinit_array*)
                0x0800a33c                        PROVIDE (__preinit_array_end = .)
                0x0800a33c                        . = ALIGN (0x4)

.init_array     0x0800a33c        0x4
                0x0800a33c                        . = ALIGN (0x4)
                0x0800a33c                        PROVIDE (__init_array_start = .)
 *(SORT_BY_NAME(.init_array.*))
 *(.init_array*)
 .init_array    0x0800a33c        0x4 C:/ST/STM32CubeIDE_1.19.0/STM32CubeIDE/plugins/com.st.stm32cube.ide.mcu.externaltools.gnu-tools-for-stm32.13.3.rel1.win32_1.0.0.202411081344/tools/bin/../lib/gcc/arm-none-eabi/13.3.1/thumb/v7e-m+fp/hard/crtbegin.o
                0x0800a340                        PROVIDE (__init_array_end = .)
                0x0800a340                        . = ALIGN (0x4)

.fini_array     0x0800a340        0x4
                0x0800a340                        . = ALIGN (0x4)
                [!provide]                        PROVIDE (__fini_array_start = .)
 *(SORT_BY_NAME(.fini_array.*))
 *(.fini_array*)
 .fini_array    0x0800a340        0x4 C:/ST/STM32CubeIDE_1.19.0/STM32CubeIDE/plugins/com.st.stm32cube.ide.mcu.externaltools.gnu-tools-for-stm32.13.3.rel1.win32_1.0.0.202411081344/tools/bin/../lib/gcc/arm-none-eabi/13.3.1/thumb/v7e-m+fp/hard/crtbegin.o
                [!provide]                        PROVIDE (__fini_array_end = .)
                0x0800a344                        . = ALIGN (0x4)
                0x0800a344                        _sidata = LOADADDR (.data)

.rel.dyn        0x0800a344        0x0
 .rel.iplt      0x0800a344        0x0 C:/ST/STM32CubeIDE_1.19.0/STM32CubeIDE/plugins/com.st.stm32cube.ide.mcu.externaltools.gnu-tools-for-stm32.13.3.rel1.win32_1.0.0.202411081344/tools/bin/../lib/gcc/arm-none-eabi/13.3.1/thumb/v7e-m+fp/hard/crtbegin.o

.data           0x20000000       0x10 load address 0x0800a344
                0x20000000                        . = ALIGN (0x4)
                0x20000000                        _sdata = .
 *(.data)
 *(.data*)
 .data.SystemCoreClock
                0x20000000        0x4 ./Core/Src/system_stm32f4xx.o
                0x20000000                SystemCoreClock
 .data.uwTickPrio
                0x20000004        0x4 ./Drivers/STM32F4xx_HAL_Driver/Src/stm32f4xx_hal.o
                0x20000004                uwTickPrio
 .data.uwTickFreq
                0x20000008        0x1 ./Drivers/STM32F4xx_HAL_Driver/Src/stm32f4xx_hal.o
                0x20000008                uwTickFreq
 *fill*         0x20000009        0x3 
 .data.uxCriticalNesting
                0x2000000c        0x4 ./Middlewares/Third_Party/FreeRTOS/Source/portable/GCC/ARM_CM4F/port.o
 *(.RamFunc)
 *(.RamFunc*)
                0x20000010                        . = ALIGN (0x4)
                0x20000010                        _edata = .
                0x0800a354                        _siccmram = LOADADDR (.ccmram)

.igot.plt       0x20000010        0x0 load address 0x0800a354
 .igot.plt      0x20000010        0x0 C:/ST/STM32CubeIDE_1.19.0/STM32CubeIDE/plugins/com.st.stm32cube.ide.mcu.externaltools.gnu-tools-for-stm32.13.3.rel1.win32_1.0.0.202411081344/tools/bin/../lib/gcc/arm-none-eabi/13.3.1/thumb/v7e-m+fp/hard/crtbegin.o

.ccmram         0x10000000        0x0 load address 0x0800a354
                0x10000000                        . = ALIGN (0x4)
                0x10000000                        _sccmram = .
 *(.ccmram)
 *(.ccmram*)
                0x10000000                        . = ALIGN (0x4)
                0x10000000                        _eccmram = .
                0x10000000                        . = ALIGN (0x4)

.bss            0x20000010     0xc944
                0x20000010                        _sbss = .
                0x20000010                        __bss_start__ = _sbss
 *(.bss)
 .bss           0x20000010       0x1c C:/ST/STM32CubeIDE_1.19.0/STM32CubeIDE/plugins/com.st.stm32cube.ide.mcu.externaltools.gnu-tools-for-stm32.13.3.rel1.win32_1.0.0.202411081344/tools/bin/../lib/gcc/arm-none-eabi/13.3.1/thumb/v7e-m+fp/hard/crtbegin.o
 *(.bss*)
 .bss.hadc1     0x2000002c       0x48 ./Core/Src/main.o
                0x2000002c                hadc1
 .bss.hdma_adc1
                0x20000074       0x60 ./Core/Src/main.o
                0x20000074                hdma_adc1
 .bss.hcrc      0x200000d4        0x8 ./Core/Src/main.o
                0x200000d4                hcrc
 .bss.hi2c1     0x200000dc       0x54 ./Core/Src/main.o
                0x200000dc                hi2c1
 .bss.hi2c2     0x20000130       0x54 ./Core/Src/main.o
                0x20000130                hi2c2
 .bss.hdma_i2c2_rx
                0x20000184       0x60 ./Core/Src/main.o
                0x20000184                hdma_i2c2_rx
 .bss.hdma_i2c2_tx
                0x200001e4       0x60 ./Core/Src/main.o
                0x200001e4                hdma_i2c2_tx
 .bss.hspi1     0x20000244       0x80 ./Core/Src/main.o
                0x20000244                hspi1
 .bss.hdma_spi1_tx
                0x200002c4       0x60 ./Core/Src/main.o
                0x200002c4                hdma_spi1_tx
 .bss.htim1     0x20000324       0xb4 ./Core/Src/main.o
                0x20000324                htim1
 .bss.htim2     0x200003d8       0xb4 ./Core/Src/main.o
                0x200003d8                htim2
 .bss.htim3     0x2000048c       0xb4 ./Core/Src/main.o
                0x2000048c                htim3
 .bss.htim4     0x20000540       0xb4 ./Core/Src/main.o
                0x20000540                htim4
 .bss.htim5     0x200005f4       0xb4 ./Core/Src/main.o
                0x200005f4                htim5
 .bss.htim7     0x200006a8       0xb4 ./Core/Src/main.o
                0x200006a8                htim7
 .bss.htim9     0x2000075c       0xb4 ./Core/Src/main.o
                0x2000075c                htim9
 .bss.htim10    0x20000810       0xb4 ./Core/Src/main.o
                0x20000810                htim10
 .bss.htim11    0x200008c4       0xb4 ./Core/Src/main.o
                0x200008c4                htim11
 .bss.htim12    0x20000978       0xb4 ./Core/Src/main.o
                0x20000978                htim12
 .bss.htim13    0x20000a2c       0xb4 ./Core/Src/main.o
                0x20000a2c                htim13
 .bss.huart5    0x20000ae0       0x78 ./Core/Src/main.o
                0x20000ae0                huart5
 .bss.huart1    0x20000b58       0x78 ./Core/Src/main.o
                0x20000b58                huart1
 .bss.hdma_usart1_rx
                0x20000bd0       0x60 ./Core/Src/main.o
                0x20000bd0                hdma_usart1_rx
 .bss.hdma_usart1_tx
                0x20000c30       0x60 ./Core/Src/main.o
                0x20000c30                hdma_usart1_tx
 .bss.defaultTaskHandle
                0x20000c90        0x4 ./Core/Src/main.o
                0x20000c90                defaultTaskHandle
 .bss.imu_taskHandle
                0x20000c94        0x4 ./Core/Src/main.o
                0x20000c94                imu_taskHandle
 .bss.packet_tx_taskHandle
                0x20000c98        0x4 ./Core/Src/main.o
                0x20000c98                packet_tx_taskHandle
 .bss.packet_rx_taskHandle
                0x20000c9c        0x4 ./Core/Src/main.o
                0x20000c9c                packet_rx_taskHandle
 .bss.gui_taskHandle
                0x20000ca0        0x4 ./Core/Src/main.o
                0x20000ca0                gui_taskHandle
 .bss.app_taskHandle
                0x20000ca4        0x4 ./Core/Src/main.o
                0x20000ca4                app_taskHandle
 .bss.oled_taskHandle
                0x20000ca8        0x4 ./Core/Src/main.o
                0x20000ca8                oled_taskHandle
 .bss.packet_tx_queueHandle
                0x20000cac        0x4 ./Core/Src/main.o
                0x20000cac                packet_tx_queueHandle
 .bss.packet_tx_queueBuffer
                0x20000cb0      0x100 ./Core/Src/main.o
                0x20000cb0                packet_tx_queueBuffer
 .bss.packet_tx_queueControlBlock
                0x20000db0       0x50 ./Core/Src/main.o
                0x20000db0                packet_tx_queueControlBlock
 .bss.moving_ctrl_queueHandle
                0x20000e00        0x4 ./Core/Src/main.o
                0x20000e00                moving_ctrl_queueHandle
 .bss.moving_ctrl_queueBuffer
                0x20000e04       0x20 ./Core/Src/main.o
                0x20000e04                moving_ctrl_queueBuffer
 .bss.moving_ctrl_queueControlBlock
                0x20000e24       0x50 ./Core/Src/main.o
                0x20000e24                moving_ctrl_queueControlBlock
 .bss.button_timerHandle
                0x20000e74        0x4 ./Core/Src/main.o
                0x20000e74                button_timerHandle
 .bss.button_timerControlBlock
                0x20000e78       0x2c ./Core/Src/main.o
                0x20000e78                button_timerControlBlock
 .bss.led_timerHandle
                0x20000ea4        0x4 ./Core/Src/main.o
                0x20000ea4                led_timerHandle
 .bss.led_timerControlBlock
                0x20000ea8       0x2c ./Core/Src/main.o
                0x20000ea8                led_timerControlBlock
 .bss.buzzer_timerHandle
                0x20000ed4        0x4 ./Core/Src/main.o
                0x20000ed4                buzzer_timerHandle
 .bss.buzzer_timerControlBlock
                0x20000ed8       0x2c ./Core/Src/main.o
                0x20000ed8                buzzer_timerControlBlock
 .bss.battery_check_timerHandle
                0x20000f04        0x4 ./Core/Src/main.o
                0x20000f04                battery_check_timerHandle
 .bss.battery_check_timerControlBlock
                0x20000f08       0x2c ./Core/Src/main.o
                0x20000f08                battery_check_timerControlBlock
 .bss.oled_mutexHandle
                0x20000f34        0x4 ./Core/Src/main.o
                0x20000f34                oled_mutexHandle
 .bss.packet_tx_idleHandle
                0x20000f38        0x4 ./Core/Src/main.o
                0x20000f38                packet_tx_idleHandle
 .bss.packet_rx_not_emptyHandle
                0x20000f3c        0x4 ./Core/Src/main.o
                0x20000f3c                packet_rx_not_emptyHandle
 .bss.IMU_data_readyHandle
                0x20000f40        0x4 ./Core/Src/main.o
                0x20000f40                IMU_data_readyHandle
 .bss.spi_tx_finishedHandle
                0x20000f44        0x4 ./Core/Src/main.o
                0x20000f44                spi_tx_finishedHandle
 .bss.serial_servo_rx_completeHandle
                0x20000f48        0x4 ./Core/Src/main.o
                0x20000f48                serial_servo_rx_completeHandle
 .bss.htim14    0x20000f4c       0xb4 ./Core/Src/stm32f4xx_hal_timebase_tim.o
                0x20000f4c                htim14
 .bss.uwTick    0x20001000        0x4 ./Drivers/STM32F4xx_HAL_Driver/Src/stm32f4xx_hal.o
                0x20001000                uwTick
 .bss.KernelState
                0x20001004        0x4 ./Middlewares/Third_Party/FreeRTOS/Source/CMSIS_RTOS_V2/cmsis_os2.o
 .bss.Idle_TCB.3
                0x20001008       0x5c ./Middlewares/Third_Party/FreeRTOS/Source/CMSIS_RTOS_V2/cmsis_os2.o
 .bss.Idle_Stack.2
                0x20001064      0x200 ./Middlewares/Third_Party/FreeRTOS/Source/CMSIS_RTOS_V2/cmsis_os2.o
 .bss.Timer_TCB.1
                0x20001264       0x5c ./Middlewares/Third_Party/FreeRTOS/Source/CMSIS_RTOS_V2/cmsis_os2.o
 .bss.Timer_Stack.0
                0x200012c0     0x6000 ./Middlewares/Third_Party/FreeRTOS/Source/CMSIS_RTOS_V2/cmsis_os2.o
 .bss.xQueueRegistry
                0x200072c0       0x40 ./Middlewares/Third_Party/FreeRTOS/Source/queue.o
                0x200072c0                xQueueRegistry
 .bss.pxCurrentTCB
                0x20007300        0x4 ./Middlewares/Third_Party/FreeRTOS/Source/tasks.o
                0x20007300                pxCurrentTCB
 .bss.pxReadyTasksLists
                0x20007304      0x460 ./Middlewares/Third_Party/FreeRTOS/Source/tasks.o
 .bss.xDelayedTaskList1
                0x20007764       0x14 ./Middlewares/Third_Party/FreeRTOS/Source/tasks.o
 .bss.xDelayedTaskList2
                0x20007778       0x14 ./Middlewares/Third_Party/FreeRTOS/Source/tasks.o
 .bss.pxDelayedTaskList
                0x2000778c        0x4 ./Middlewares/Third_Party/FreeRTOS/Source/tasks.o
 .bss.pxOverflowDelayedTaskList
                0x20007790        0x4 ./Middlewares/Third_Party/FreeRTOS/Source/tasks.o
 .bss.xPendingReadyList
                0x20007794       0x14 ./Middlewares/Third_Party/FreeRTOS/Source/tasks.o
 .bss.xTasksWaitingTermination
                0x200077a8       0x14 ./Middlewares/Third_Party/FreeRTOS/Source/tasks.o
 .bss.uxDeletedTasksWaitingCleanUp
                0x200077bc        0x4 ./Middlewares/Third_Party/FreeRTOS/Source/tasks.o
 .bss.xSuspendedTaskList
                0x200077c0       0x14 ./Middlewares/Third_Party/FreeRTOS/Source/tasks.o
 .bss.uxCurrentNumberOfTasks
                0x200077d4        0x4 ./Middlewares/Third_Party/FreeRTOS/Source/tasks.o
 .bss.xTickCount
                0x200077d8        0x4 ./Middlewares/Third_Party/FreeRTOS/Source/tasks.o
 .bss.uxTopReadyPriority
                0x200077dc        0x4 ./Middlewares/Third_Party/FreeRTOS/Source/tasks.o
 .bss.xSchedulerRunning
                0x200077e0        0x4 ./Middlewares/Third_Party/FreeRTOS/Source/tasks.o
 .bss.xPendedTicks
                0x200077e4        0x4 ./Middlewares/Third_Party/FreeRTOS/Source/tasks.o
 .bss.xYieldPending
                0x200077e8        0x4 ./Middlewares/Third_Party/FreeRTOS/Source/tasks.o
 .bss.xNumOfOverflows
                0x200077ec        0x4 ./Middlewares/Third_Party/FreeRTOS/Source/tasks.o
 .bss.uxTaskNumber
                0x200077f0        0x4 ./Middlewares/Third_Party/FreeRTOS/Source/tasks.o
 .bss.xNextTaskUnblockTime
                0x200077f4        0x4 ./Middlewares/Third_Party/FreeRTOS/Source/tasks.o
 .bss.xIdleTaskHandle
                0x200077f8        0x4 ./Middlewares/Third_Party/FreeRTOS/Source/tasks.o
 .bss.uxSchedulerSuspended
                0x200077fc        0x4 ./Middlewares/Third_Party/FreeRTOS/Source/tasks.o
 .bss.xActiveTimerList1
                0x20007800       0x14 ./Middlewares/Third_Party/FreeRTOS/Source/timers.o
 .bss.xActiveTimerList2
                0x20007814       0x14 ./Middlewares/Third_Party/FreeRTOS/Source/timers.o
 .bss.pxCurrentTimerList
                0x20007828        0x4 ./Middlewares/Third_Party/FreeRTOS/Source/timers.o
 .bss.pxOverflowTimerList
                0x2000782c        0x4 ./Middlewares/Third_Party/FreeRTOS/Source/timers.o
 .bss.xTimerQueue
                0x20007830        0x4 ./Middlewares/Third_Party/FreeRTOS/Source/timers.o
 .bss.xTimerTaskHandle
                0x20007834        0x4 ./Middlewares/Third_Party/FreeRTOS/Source/timers.o
 .bss.xLastTime.2
                0x20007838        0x4 ./Middlewares/Third_Party/FreeRTOS/Source/timers.o
 .bss.ucStaticTimerQueueStorage.1
                0x2000783c       0xa0 ./Middlewares/Third_Party/FreeRTOS/Source/timers.o
 .bss.xStaticTimerQueue.0
                0x200078dc       0x50 ./Middlewares/Third_Party/FreeRTOS/Source/timers.o
 .bss.ucMaxSysCallPriority
                0x2000792c        0x1 ./Middlewares/Third_Party/FreeRTOS/Source/portable/GCC/ARM_CM4F/port.o
 *fill*         0x2000792d        0x3 
 .bss.ulMaxPRIGROUPValue
                0x20007930        0x4 ./Middlewares/Third_Party/FreeRTOS/Source/portable/GCC/ARM_CM4F/port.o
 .bss.ucHeap    0x20007934     0x5000 ./Middlewares/Third_Party/FreeRTOS/Source/portable/MemMang/heap_4.o
 .bss.xStart    0x2000c934        0x8 ./Middlewares/Third_Party/FreeRTOS/Source/portable/MemMang/heap_4.o
 .bss.pxEnd     0x2000c93c        0x4 ./Middlewares/Third_Party/FreeRTOS/Source/portable/MemMang/heap_4.o
 .bss.xFreeBytesRemaining
                0x2000c940        0x4 ./Middlewares/Third_Party/FreeRTOS/Source/portable/MemMang/heap_4.o
 .bss.xMinimumEverFreeBytesRemaining
                0x2000c944        0x4 ./Middlewares/Third_Party/FreeRTOS/Source/portable/MemMang/heap_4.o
 .bss.xNumberOfSuccessfulAllocations
                0x2000c948        0x4 ./Middlewares/Third_Party/FreeRTOS/Source/portable/MemMang/heap_4.o
 .bss.xNumberOfSuccessfulFrees
                0x2000c94c        0x4 ./Middlewares/Third_Party/FreeRTOS/Source/portable/MemMang/heap_4.o
 .bss.xBlockAllocatedBit
                0x2000c950        0x4 ./Middlewares/Third_Party/FreeRTOS/Source/portable/MemMang/heap_4.o
 *(COMMON)
                0x2000c954                        . = ALIGN (0x4)
                0x2000c954                        _ebss = .
                0x2000c954                        __bss_end__ = _ebss

._user_heap_stack
                0x2000c954      0x804
                0x2000c958                        . = ALIGN (0x8)
 *fill*         0x2000c954        0x4 
                [!provide]                        PROVIDE (end = .)
                0x2000c958                        PROVIDE (_end = .)
                0x2000cb58                        . = (. + _Min_Heap_Size)
 *fill*         0x2000c958      0x200 
                0x2000d158                        . = (. + _Min_Stack_Size)
 *fill*         0x2000cb58      0x600 
                0x2000d158                        . = ALIGN (0x8)

/DISCARD/
 libc.a(*)
 libm.a(*)
 libgcc.a(*)

.ARM.attributes
                0x00000000       0x30
 *(.ARM.attributes)
 .ARM.attributes
                0x00000000       0x22 C:/ST/STM32CubeIDE_1.19.0/STM32CubeIDE/plugins/com.st.stm32cube.ide.mcu.externaltools.gnu-tools-for-stm32.13.3.rel1.win32_1.0.0.202411081344/tools/bin/../lib/gcc/arm-none-eabi/13.3.1/thumb/v7e-m+fp/hard/crti.o
 .ARM.attributes
                0x00000022       0x34 C:/ST/STM32CubeIDE_1.19.0/STM32CubeIDE/plugins/com.st.stm32cube.ide.mcu.externaltools.gnu-tools-for-stm32.13.3.rel1.win32_1.0.0.202411081344/tools/bin/../lib/gcc/arm-none-eabi/13.3.1/thumb/v7e-m+fp/hard/crtbegin.o
 .ARM.attributes
                0x00000056       0x34 ./Core/Src/freertos.o
 .ARM.attributes
                0x0000008a       0x34 ./Core/Src/main.o
 .ARM.attributes
                0x000000be       0x34 ./Core/Src/stm32f4xx_hal_msp.o
 .ARM.attributes
                0x000000f2       0x34 ./Core/Src/stm32f4xx_hal_timebase_tim.o
 .ARM.attributes
                0x00000126       0x34 ./Core/Src/stm32f4xx_it.o
 .ARM.attributes
                0x0000015a       0x34 ./Core/Src/system_stm32f4xx.o
 .ARM.attributes
                0x0000018e       0x21 ./Core/Startup/startup_stm32f407vetx.o
 .ARM.attributes
                0x000001af       0x34 ./Drivers/STM32F4xx_HAL_Driver/Src/stm32f4xx_hal.o
 .ARM.attributes
                0x000001e3       0x34 ./Drivers/STM32F4xx_HAL_Driver/Src/stm32f4xx_hal_adc.o
 .ARM.attributes
                0x00000217       0x34 ./Drivers/STM32F4xx_HAL_Driver/Src/stm32f4xx_hal_cortex.o
 .ARM.attributes
                0x0000024b       0x34 ./Drivers/STM32F4xx_HAL_Driver/Src/stm32f4xx_hal_crc.o
 .ARM.attributes
                0x0000027f       0x34 ./Drivers/STM32F4xx_HAL_Driver/Src/stm32f4xx_hal_dma.o
 .ARM.attributes
                0x000002b3       0x34 ./Drivers/STM32F4xx_HAL_Driver/Src/stm32f4xx_hal_gpio.o
 .ARM.attributes
                0x000002e7       0x34 ./Drivers/STM32F4xx_HAL_Driver/Src/stm32f4xx_hal_i2c.o
 .ARM.attributes
                0x0000031b       0x34 ./Drivers/STM32F4xx_HAL_Driver/Src/stm32f4xx_hal_rcc.o
 .ARM.attributes
                0x0000034f       0x34 ./Drivers/STM32F4xx_HAL_Driver/Src/stm32f4xx_hal_spi.o
 .ARM.attributes
                0x00000383       0x34 ./Drivers/STM32F4xx_HAL_Driver/Src/stm32f4xx_hal_tim.o
 .ARM.attributes
                0x000003b7       0x34 ./Drivers/STM32F4xx_HAL_Driver/Src/stm32f4xx_hal_tim_ex.o
 .ARM.attributes
                0x000003eb       0x34 ./Drivers/STM32F4xx_HAL_Driver/Src/stm32f4xx_hal_uart.o
 .ARM.attributes
                0x0000041f       0x34 ./Middlewares/Third_Party/FreeRTOS/Source/CMSIS_RTOS_V2/cmsis_os2.o
 .ARM.attributes
                0x00000453       0x34 ./Middlewares/Third_Party/FreeRTOS/Source/list.o
 .ARM.attributes
                0x00000487       0x34 ./Middlewares/Third_Party/FreeRTOS/Source/queue.o
 .ARM.attributes
                0x000004bb       0x34 ./Middlewares/Third_Party/FreeRTOS/Source/tasks.o
 .ARM.attributes
                0x000004ef       0x34 ./Middlewares/Third_Party/FreeRTOS/Source/timers.o
 .ARM.attributes
                0x00000523       0x34 ./Middlewares/Third_Party/FreeRTOS/Source/portable/GCC/ARM_CM4F/port.o
 .ARM.attributes
                0x00000557       0x34 ./Middlewares/Third_Party/FreeRTOS/Source/portable/MemMang/heap_4.o
 .ARM.attributes
                0x0000058b       0x34 C:/ST/STM32CubeIDE_1.19.0/STM32CubeIDE/plugins/com.st.stm32cube.ide.mcu.externaltools.gnu-tools-for-stm32.13.3.rel1.win32_1.0.0.202411081344/tools/bin/../lib/gcc/arm-none-eabi/13.3.1/../../../../arm-none-eabi/lib/thumb/v7e-m+fp/hard\libc_nano.a(libc_a-memset.o)
 .ARM.attributes
                0x000005bf       0x34 C:/ST/STM32CubeIDE_1.19.0/STM32CubeIDE/plugins/com.st.stm32cube.ide.mcu.externaltools.gnu-tools-for-stm32.13.3.rel1.win32_1.0.0.202411081344/tools/bin/../lib/gcc/arm-none-eabi/13.3.1/../../../../arm-none-eabi/lib/thumb/v7e-m+fp/hard\libc_nano.a(libc_a-init.o)
 .ARM.attributes
                0x000005f3       0x34 C:/ST/STM32CubeIDE_1.19.0/STM32CubeIDE/plugins/com.st.stm32cube.ide.mcu.externaltools.gnu-tools-for-stm32.13.3.rel1.win32_1.0.0.202411081344/tools/bin/../lib/gcc/arm-none-eabi/13.3.1/../../../../arm-none-eabi/lib/thumb/v7e-m+fp/hard\libc_nano.a(libc_a-memcpy-stub.o)
 .ARM.attributes
                0x00000627       0x22 C:/ST/STM32CubeIDE_1.19.0/STM32CubeIDE/plugins/com.st.stm32cube.ide.mcu.externaltools.gnu-tools-for-stm32.13.3.rel1.win32_1.0.0.202411081344/tools/bin/../lib/gcc/arm-none-eabi/13.3.1/thumb/v7e-m+fp/hard\libgcc.a(_aeabi_uldivmod.o)
 .ARM.attributes
                0x00000649       0x34 C:/ST/STM32CubeIDE_1.19.0/STM32CubeIDE/plugins/com.st.stm32cube.ide.mcu.externaltools.gnu-tools-for-stm32.13.3.rel1.win32_1.0.0.202411081344/tools/bin/../lib/gcc/arm-none-eabi/13.3.1/thumb/v7e-m+fp/hard\libgcc.a(_udivmoddi4.o)
 .ARM.attributes
                0x0000067d       0x22 C:/ST/STM32CubeIDE_1.19.0/STM32CubeIDE/plugins/com.st.stm32cube.ide.mcu.externaltools.gnu-tools-for-stm32.13.3.rel1.win32_1.0.0.202411081344/tools/bin/../lib/gcc/arm-none-eabi/13.3.1/thumb/v7e-m+fp/hard\libgcc.a(_dvmd_tls.o)
 .ARM.attributes
                0x0000069f       0x22 C:/ST/STM32CubeIDE_1.19.0/STM32CubeIDE/plugins/com.st.stm32cube.ide.mcu.externaltools.gnu-tools-for-stm32.13.3.rel1.win32_1.0.0.202411081344/tools/bin/../lib/gcc/arm-none-eabi/13.3.1/thumb/v7e-m+fp/hard/crtn.o
OUTPUT(RosRobotControllerM4.elf elf32-littlearm)
LOAD linker stubs
LOAD C:/ST/STM32CubeIDE_1.19.0/STM32CubeIDE/plugins/com.st.stm32cube.ide.mcu.externaltools.gnu-tools-for-stm32.13.3.rel1.win32_1.0.0.202411081344/tools/bin/../lib/gcc/arm-none-eabi/13.3.1/../../../../arm-none-eabi/lib/thumb/v7e-m+fp/hard\libc.a
LOAD C:/ST/STM32CubeIDE_1.19.0/STM32CubeIDE/plugins/com.st.stm32cube.ide.mcu.externaltools.gnu-tools-for-stm32.13.3.rel1.win32_1.0.0.202411081344/tools/bin/../lib/gcc/arm-none-eabi/13.3.1/../../../../arm-none-eabi/lib/thumb/v7e-m+fp/hard\libm.a
LOAD C:/ST/STM32CubeIDE_1.19.0/STM32CubeIDE/plugins/com.st.stm32cube.ide.mcu.externaltools.gnu-tools-for-stm32.13.3.rel1.win32_1.0.0.202411081344/tools/bin/../lib/gcc/arm-none-eabi/13.3.1/thumb/v7e-m+fp/hard\libgcc.a

.debug_info     0x00000000    0x1fec3
 .debug_info    0x00000000       0x9f ./Core/Src/freertos.o
 .debug_info    0x0000009f     0x327c ./Core/Src/main.o
 .debug_info    0x0000331b     0x2015 ./Core/Src/stm32f4xx_hal_msp.o
 .debug_info    0x00005330      0xd7f ./Core/Src/stm32f4xx_hal_timebase_tim.o
 .debug_info    0x000060af     0x101a ./Core/Src/stm32f4xx_it.o
 .debug_info    0x000070c9      0x512 ./Core/Src/system_stm32f4xx.o
 .debug_info    0x000075db       0x30 ./Core/Startup/startup_stm32f407vetx.o
 .debug_info    0x0000760b      0x944 ./Drivers/STM32F4xx_HAL_Driver/Src/stm32f4xx_hal.o
 .debug_info    0x00007f4f      0xce3 ./Drivers/STM32F4xx_HAL_Driver/Src/stm32f4xx_hal_adc.o
 .debug_info    0x00008c32      0xd8c ./Drivers/STM32F4xx_HAL_Driver/Src/stm32f4xx_hal_cortex.o
 .debug_info    0x000099be      0x37f ./Drivers/STM32F4xx_HAL_Driver/Src/stm32f4xx_hal_crc.o
 .debug_info    0x00009d3d      0x8e7 ./Drivers/STM32F4xx_HAL_Driver/Src/stm32f4xx_hal_dma.o
 .debug_info    0x0000a624      0x6c3 ./Drivers/STM32F4xx_HAL_Driver/Src/stm32f4xx_hal_gpio.o
 .debug_info    0x0000ace7     0x2415 ./Drivers/STM32F4xx_HAL_Driver/Src/stm32f4xx_hal_i2c.o
 .debug_info    0x0000d0fc      0x8c3 ./Drivers/STM32F4xx_HAL_Driver/Src/stm32f4xx_hal_rcc.o
 .debug_info    0x0000d9bf     0x16b6 ./Drivers/STM32F4xx_HAL_Driver/Src/stm32f4xx_hal_spi.o
 .debug_info    0x0000f075     0x2d05 ./Drivers/STM32F4xx_HAL_Driver/Src/stm32f4xx_hal_tim.o
 .debug_info    0x00011d7a     0x165e ./Drivers/STM32F4xx_HAL_Driver/Src/stm32f4xx_hal_tim_ex.o
 .debug_info    0x000133d8     0x31e8 ./Drivers/STM32F4xx_HAL_Driver/Src/stm32f4xx_hal_uart.o
 .debug_info    0x000165c0     0x3a92 ./Middlewares/Third_Party/FreeRTOS/Source/CMSIS_RTOS_V2/cmsis_os2.o
 .debug_info    0x0001a052      0x2af ./Middlewares/Third_Party/FreeRTOS/Source/list.o
 .debug_info    0x0001a301     0x1b79 ./Middlewares/Third_Party/FreeRTOS/Source/queue.o
 .debug_info    0x0001be7a     0x220e ./Middlewares/Third_Party/FreeRTOS/Source/tasks.o
 .debug_info    0x0001e088     0x1488 ./Middlewares/Third_Party/FreeRTOS/Source/timers.o
 .debug_info    0x0001f510      0x4de ./Middlewares/Third_Party/FreeRTOS/Source/portable/GCC/ARM_CM4F/port.o
 .debug_info    0x0001f9ee      0x4d5 ./Middlewares/Third_Party/FreeRTOS/Source/portable/MemMang/heap_4.o

.debug_abbrev   0x00000000     0x3e1a
 .debug_abbrev  0x00000000       0x47 ./Core/Src/freertos.o
 .debug_abbrev  0x00000047      0x31c ./Core/Src/main.o
 .debug_abbrev  0x00000363      0x2aa ./Core/Src/stm32f4xx_hal_msp.o
 .debug_abbrev  0x0000060d      0x206 ./Core/Src/stm32f4xx_hal_timebase_tim.o
 .debug_abbrev  0x00000813      0x1f4 ./Core/Src/stm32f4xx_it.o
 .debug_abbrev  0x00000a07      0x11a ./Core/Src/system_stm32f4xx.o
 .debug_abbrev  0x00000b21       0x24 ./Core/Startup/startup_stm32f407vetx.o
 .debug_abbrev  0x00000b45      0x214 ./Drivers/STM32F4xx_HAL_Driver/Src/stm32f4xx_hal.o
 .debug_abbrev  0x00000d59      0x252 ./Drivers/STM32F4xx_HAL_Driver/Src/stm32f4xx_hal_adc.o
 .debug_abbrev  0x00000fab      0x31d ./Drivers/STM32F4xx_HAL_Driver/Src/stm32f4xx_hal_cortex.o
 .debug_abbrev  0x000012c8      0x1b1 ./Drivers/STM32F4xx_HAL_Driver/Src/stm32f4xx_hal_crc.o
 .debug_abbrev  0x00001479      0x264 ./Drivers/STM32F4xx_HAL_Driver/Src/stm32f4xx_hal_dma.o
 .debug_abbrev  0x000016dd      0x1d4 ./Drivers/STM32F4xx_HAL_Driver/Src/stm32f4xx_hal_gpio.o
 .debug_abbrev  0x000018b1      0x2ad ./Drivers/STM32F4xx_HAL_Driver/Src/stm32f4xx_hal_i2c.o
 .debug_abbrev  0x00001b5e      0x2b7 ./Drivers/STM32F4xx_HAL_Driver/Src/stm32f4xx_hal_rcc.o
 .debug_abbrev  0x00001e15      0x27a ./Drivers/STM32F4xx_HAL_Driver/Src/stm32f4xx_hal_spi.o
 .debug_abbrev  0x0000208f      0x2a0 ./Drivers/STM32F4xx_HAL_Driver/Src/stm32f4xx_hal_tim.o
 .debug_abbrev  0x0000232f      0x294 ./Drivers/STM32F4xx_HAL_Driver/Src/stm32f4xx_hal_tim_ex.o
 .debug_abbrev  0x000025c3      0x30d ./Drivers/STM32F4xx_HAL_Driver/Src/stm32f4xx_hal_uart.o
 .debug_abbrev  0x000028d0      0x53a ./Middlewares/Third_Party/FreeRTOS/Source/CMSIS_RTOS_V2/cmsis_os2.o
 .debug_abbrev  0x00002e0a       0xf5 ./Middlewares/Third_Party/FreeRTOS/Source/list.o
 .debug_abbrev  0x00002eff      0x3b6 ./Middlewares/Third_Party/FreeRTOS/Source/queue.o
 .debug_abbrev  0x000032b5      0x39a ./Middlewares/Third_Party/FreeRTOS/Source/tasks.o
 .debug_abbrev  0x0000364f      0x352 ./Middlewares/Third_Party/FreeRTOS/Source/timers.o
 .debug_abbrev  0x000039a1      0x25c ./Middlewares/Third_Party/FreeRTOS/Source/portable/GCC/ARM_CM4F/port.o
 .debug_abbrev  0x00003bfd      0x21d ./Middlewares/Third_Party/FreeRTOS/Source/portable/MemMang/heap_4.o

.debug_aranges  0x00000000     0x1c40
 .debug_aranges
                0x00000000       0x28 ./Core/Src/freertos.o
 .debug_aranges
                0x00000028      0x138 ./Core/Src/main.o
 .debug_aranges
                0x00000160       0x98 ./Core/Src/stm32f4xx_hal_msp.o
 .debug_aranges
                0x000001f8       0x30 ./Core/Src/stm32f4xx_hal_timebase_tim.o
 .debug_aranges
                0x00000228       0xd0 ./Core/Src/stm32f4xx_it.o
 .debug_aranges
                0x000002f8       0x28 ./Core/Src/system_stm32f4xx.o
 .debug_aranges
                0x00000320       0x28 ./Core/Startup/startup_stm32f407vetx.o
 .debug_aranges
                0x00000348       0xf0 ./Drivers/STM32F4xx_HAL_Driver/Src/stm32f4xx_hal.o
 .debug_aranges
                0x00000438       0xe8 ./Drivers/STM32F4xx_HAL_Driver/Src/stm32f4xx_hal_adc.o
 .debug_aranges
                0x00000520      0x130 ./Drivers/STM32F4xx_HAL_Driver/Src/stm32f4xx_hal_cortex.o
 .debug_aranges
                0x00000650       0x50 ./Drivers/STM32F4xx_HAL_Driver/Src/stm32f4xx_hal_crc.o
 .debug_aranges
                0x000006a0       0x90 ./Drivers/STM32F4xx_HAL_Driver/Src/stm32f4xx_hal_dma.o
 .debug_aranges
                0x00000730       0x58 ./Drivers/STM32F4xx_HAL_Driver/Src/stm32f4xx_hal_gpio.o
 .debug_aranges
                0x00000788      0x2a8 ./Drivers/STM32F4xx_HAL_Driver/Src/stm32f4xx_hal_i2c.o
 .debug_aranges
                0x00000a30       0x88 ./Drivers/STM32F4xx_HAL_Driver/Src/stm32f4xx_hal_rcc.o
 .debug_aranges
                0x00000ab8      0x1e0 ./Drivers/STM32F4xx_HAL_Driver/Src/stm32f4xx_hal_spi.o
 .debug_aranges
                0x00000c98      0x3e8 ./Drivers/STM32F4xx_HAL_Driver/Src/stm32f4xx_hal_tim.o
 .debug_aranges
                0x00001080      0x168 ./Drivers/STM32F4xx_HAL_Driver/Src/stm32f4xx_hal_tim_ex.o
 .debug_aranges
                0x000011e8      0x230 ./Drivers/STM32F4xx_HAL_Driver/Src/stm32f4xx_hal_uart.o
 .debug_aranges
                0x00001418      0x2c0 ./Middlewares/Third_Party/FreeRTOS/Source/CMSIS_RTOS_V2/cmsis_os2.o
 .debug_aranges
                0x000016d8       0x40 ./Middlewares/Third_Party/FreeRTOS/Source/list.o
 .debug_aranges
                0x00001718      0x158 ./Middlewares/Third_Party/FreeRTOS/Source/queue.o
 .debug_aranges
                0x00001870      0x208 ./Middlewares/Third_Party/FreeRTOS/Source/tasks.o
 .debug_aranges
                0x00001a78       0xf0 ./Middlewares/Third_Party/FreeRTOS/Source/timers.o
 .debug_aranges
                0x00001b68       0x80 ./Middlewares/Third_Party/FreeRTOS/Source/portable/GCC/ARM_CM4F/port.o
 .debug_aranges
                0x00001be8       0x58 ./Middlewares/Third_Party/FreeRTOS/Source/portable/MemMang/heap_4.o

.debug_rnglists
                0x00000000     0x1632
 .debug_rnglists
                0x00000000       0x19 ./Core/Src/freertos.o
 .debug_rnglists
                0x00000019       0xf4 ./Core/Src/main.o
 .debug_rnglists
                0x0000010d       0x78 ./Core/Src/stm32f4xx_hal_msp.o
 .debug_rnglists
                0x00000185       0x20 ./Core/Src/stm32f4xx_hal_timebase_tim.o
 .debug_rnglists
                0x000001a5       0x97 ./Core/Src/stm32f4xx_it.o
 .debug_rnglists
                0x0000023c       0x1a ./Core/Src/system_stm32f4xx.o
 .debug_rnglists
                0x00000256       0x19 ./Core/Startup/startup_stm32f407vetx.o
 .debug_rnglists
                0x0000026f       0xaf ./Drivers/STM32F4xx_HAL_Driver/Src/stm32f4xx_hal.o
 .debug_rnglists
                0x0000031e       0xb5 ./Drivers/STM32F4xx_HAL_Driver/Src/stm32f4xx_hal_adc.o
 .debug_rnglists
                0x000003d3       0xe0 ./Drivers/STM32F4xx_HAL_Driver/Src/stm32f4xx_hal_cortex.o
 .debug_rnglists