../Core/Src/main.c:261:5:main	8	static
../Core/Src/main.c:420:6:SystemClock_Config	88	static
../Core/Src/main.c:469:13:MX_NVIC_Init	8	static
../Core/Src/main.c:505:13:MX_ADC1_Init	24	static
../Core/Src/main.c:566:13:MX_CRC_Init	8	static
../Core/Src/main.c:592:13:MX_I2C1_Init	8	static
../Core/Src/main.c:626:13:MX_I2C2_Init	8	static
../Core/Src/main.c:660:13:MX_SPI1_Init	8	static
../Core/Src/main.c:698:13:MX_TIM1_Init	96	static
../Core/Src/main.c:785:13:MX_TIM2_Init	56	static
../Core/Src/main.c:834:13:MX_TIM3_Init	56	static
../Core/Src/main.c:883:13:MX_TIM4_Init	56	static
../Core/Src/main.c:932:13:MX_TIM5_Init	56	static
../Core/Src/main.c:981:13:MX_TIM7_Init	16	static
../Core/Src/main.c:1019:13:MX_TIM9_Init	56	static
../Core/Src/main.c:1075:13:MX_TIM10_Init	40	static
../Core/Src/main.c:1121:13:MX_TIM11_Init	40	static
../Core/Src/main.c:1167:13:MX_TIM12_Init	56	static
../Core/Src/main.c:1219:13:MX_TIM13_Init	40	static
../Core/Src/main.c:1264:13:MX_UART5_Init	8	static
../Core/Src/main.c:1297:13:MX_USART1_UART_Init	8	static
../Core/Src/main.c:1328:13:MX_DMA_Init	16	static
../Core/Src/main.c:1353:13:MX_GPIO_Init	56	static
../Core/Src/main.c:1490:6:StartDefaultTask	16	static
../Core/Src/main.c:1508:13:imu_task_entry	16	static
../Core/Src/main.c:1526:13:packet_tx_task_entry	16	static
../Core/Src/main.c:1544:13:packet_rx_task_entry	16	static
../Core/Src/main.c:1562:13:gui_task_entry	16	static
../Core/Src/main.c:1580:13:app_task_entry	16	static
../Core/Src/main.c:1598:13:oled_task_entry	16	static
../Core/Src/main.c:1610:13:button_timer_callback	16	static
../Core/Src/main.c:1618:13:led_timer_callback	16	static
../Core/Src/main.c:1626:13:buzzer_timer_callback	16	static
../Core/Src/main.c:1634:13:battery_check_timer_callback	16	static
../Core/Src/main.c:1649:6:HAL_TIM_PeriodElapsedCallback	16	static
../Core/Src/main.c:1667:6:Error_Handler	4	static,ignoring_inline_asm
