../Core/Src/stm32f4xx_hal_msp.c:76:6:HAL_MspInit	16	static
../Core/Src/stm32f4xx_hal_msp.c:101:6:HAL_ADC_MspInit	48	static
../Core/Src/stm32f4xx_hal_msp.c:154:6:HAL_ADC_MspDeInit	16	static
../Core/Src/stm32f4xx_hal_msp.c:184:6:HAL_CRC_MspInit	24	static
../Core/Src/stm32f4xx_hal_msp.c:207:6:HAL_CRC_MspDeInit	16	static
../Core/Src/stm32f4xx_hal_msp.c:229:6:HAL_I2C_MspInit	56	static
../Core/Src/stm32f4xx_hal_msp.c:327:6:HAL_I2C_MspDeInit	16	static
../Core/Src/stm32f4xx_hal_msp.c:381:6:HAL_SPI_MspInit	48	static
../Core/Src/stm32f4xx_hal_msp.c:447:6:HAL_SPI_MspDeInit	16	static
../Core/Src/stm32f4xx_hal_msp.c:481:6:HAL_TIM_Base_MspInit	48	static
../Core/Src/stm32f4xx_hal_msp.c:569:6:HAL_TIM_Encoder_MspInit	72	static
../Core/Src/stm32f4xx_hal_msp.c:682:6:HAL_TIM_MspPostInit	56	static
../Core/Src/stm32f4xx_hal_msp.c:780:6:HAL_TIM_Base_MspDeInit	16	static
../Core/Src/stm32f4xx_hal_msp.c:877:6:HAL_TIM_Encoder_MspDeInit	16	static
../Core/Src/stm32f4xx_hal_msp.c:970:6:HAL_UART_MspInit	56	static
../Core/Src/stm32f4xx_hal_msp.c:1072:6:HAL_UART_MspDeInit	16	static
