../Core/Src/stm32f4xx_it.c:85:6:NMI_Handler	8	static
../Core/Src/stm32f4xx_it.c:101:6:HardFault_Handler	4	static
../Core/Src/stm32f4xx_it.c:116:6:MemManage_Handler	4	static
../Core/Src/stm32f4xx_it.c:131:6:BusFault_Handler	4	static
../Core/Src/stm32f4xx_it.c:146:6:UsageFault_Handler	4	static
../Core/Src/stm32f4xx_it.c:161:6:DebugMon_Handler	4	static
../Core/Src/stm32f4xx_it.c:181:6:DMA1_Stream2_IRQHandler	8	static
../Core/Src/stm32f4xx_it.c:195:6:TIM2_IRQHandler	4	static
../Core/Src/stm32f4xx_it.c:208:6:TIM3_IRQHandler	4	static
../Core/Src/stm32f4xx_it.c:221:6:TIM4_IRQHandler	4	static
../Core/Src/stm32f4xx_it.c:234:6:SPI1_IRQHandler	8	static
../Core/Src/stm32f4xx_it.c:248:6:USART1_IRQHandler	8	static
../Core/Src/stm32f4xx_it.c:262:6:EXTI15_10_IRQHandler	4	static
../Core/Src/stm32f4xx_it.c:275:6:TIM8_BRK_TIM12_IRQHandler	4	static
../Core/Src/stm32f4xx_it.c:288:6:TIM8_UP_TIM13_IRQHandler	4	static
../Core/Src/stm32f4xx_it.c:301:6:TIM8_TRG_COM_TIM14_IRQHandler	8	static
../Core/Src/stm32f4xx_it.c:315:6:DMA1_Stream7_IRQHandler	8	static
../Core/Src/stm32f4xx_it.c:329:6:TIM5_IRQHandler	4	static
../Core/Src/stm32f4xx_it.c:342:6:UART5_IRQHandler	8	static
../Core/Src/stm32f4xx_it.c:356:6:TIM7_IRQHandler	4	static
../Core/Src/stm32f4xx_it.c:369:6:DMA2_Stream2_IRQHandler	8	static
../Core/Src/stm32f4xx_it.c:383:6:DMA2_Stream3_IRQHandler	8	static
../Core/Src/stm32f4xx_it.c:397:6:DMA2_Stream7_IRQHandler	8	static
